<html>
<body>
<pre>
<h1>µVision Build Log</h1>
<h2>Tool Versions:</h2>
IDE-Version: µVision V5.25.2.0
Copyright (C) 2018 ARM Ltd and ARM Germany GmbH. All rights reserved.
License Information: m v, h, LIC=----
 
Tool Versions:
Toolchain:       MDK-Lite  Version: 5.25.2.0
Toolchain Path:  C:\Keil_v5\ARM\ARMCC\Bin
C Compiler:      Armcc.exe V5.06 update 6 (build 750)
Assembler:       Armasm.exe V5.06 update 6 (build 750)
Linker/Locator:  ArmLink.exe V5.06 update 6 (build 750)
Library Manager: ArmAr.exe V5.06 update 6 (build 750)
Hex Converter:   FromElf.exe V5.06 update 6 (build 750)
CPU DLL:         SARMCM3.DLL V5.25.2.0
Dialog DLL:      DCM.DLL V1.17.1.0
Target DLL:      STLink\ST-LINKIII-KEIL_SWO.dll V3.0.1.0
Dialog DLL:      TCM.DLL V1.35.1.0
 
<h2>Project:</h2>
C:\STM32 Projects Keil\Meteostation_win8.1\MDK-ARM\Meteostation_win8.1.uvprojx
Project File Date:  10/29/2018

<h2>Output:</h2>
*** Using Compiler 'V5.06 update 6 (build 750)', folder: 'C:\Keil_v5\ARM\ARMCC\Bin'
Build target 'Meteostation_win8.1'
compiling main.c...
../Src/main.c(369): warning:  #550-D: variable "arg"  was set but never used
        struct_arg *arg;
../Src/main.c(414): warning:  #177-D: variable "ptr"  was declared but never referenced
                        uint8_t *ptr = &tmp;
../Src/main.c: 2 warnings, 0 errors
compiling AT_init.c...
..\Src\AT_init.c(11): warning:  #177-D: variable "msg"  was declared but never referenced
        uint8_t msg[10] = "init";
..\Src\AT_init.c(12): warning:  #177-D: variable "msg1"  was declared but never referenced
        uint8_t msg1[15] = "wait please";
..\Src\AT_init.c(13): warning:  #177-D: variable "msg2"  was declared but never referenced
        uint8_t msg2[15] = "init complete";
..\Src\AT_init.c(59): warning:  #1-D: last line of file ends without a newline
  }     
..\Src\AT_init.c(42): warning:  #177-D: variable "p"  was declared but never referenced
        uint8_t p[4] = "done";
..\Src\AT_init.c: 5 warnings, 0 errors
linking...
Program Size: Code=13924 RO-data=552 RW-data=408 ZI-data=16872  
FromELF: creating hex file...
"Meteostation_win8.1\Meteostation_win8.1" - 0 Error(s), 7 Warning(s).

<h2>Software Packages used:</h2>

Package Vendor: ARM
                http://www.keil.com/pack/ARM.CMSIS.5.3.0.pack
                ARM.CMSIS.5.3.0
                CMSIS (Cortex Microcontroller Software Interface Standard)
   * Component: CORE Version: 5.1.1

Package Vendor: Keil
                http://www.keil.com/pack/Keil.STM32F4xx_DFP.2.13.0.pack
                Keil.STM32F4xx_DFP.2.13.0
                STMicroelectronics STM32F4 Series Device Support, Drivers and Examples

<h2>Collection of Component include folders:</h2>
  .\RTE\_Meteostation_win8.1
  C:\Keil_v5\ARM\PACK\ARM\CMSIS\5.3.0\CMSIS\Include
  C:\Keil_v5\ARM\PACK\Keil\STM32F4xx_DFP\2.13.0\Drivers\CMSIS\Device\ST\STM32F4xx\Include

<h2>Collection of Component Files used:</h2>

   * Component: ARM::CMSIS:CORE:5.1.1
Build Time Elapsed:  00:00:08
</pre>
</body>
</html>
