Component: ARM Compiler 5.06 update 6 (build 750) Tool: armlink [4d35ed]

==============================================================================

Section Cross References

    startup_stm32f407xx.o(RESET) refers to startup_stm32f407xx.o(STACK) for __initial_sp
    startup_stm32f407xx.o(RESET) refers to startup_stm32f407xx.o(.text) for Reset_Handler
    startup_stm32f407xx.o(RESET) refers to stm32f4xx_it.o(i.NMI_Handler) for NMI_Handler
    startup_stm32f407xx.o(RESET) refers to stm32f4xx_it.o(i.HardFault_Handler) for HardFault_Handler
    startup_stm32f407xx.o(RESET) refers to stm32f4xx_it.o(i.MemManage_Handler) for MemManage_Handler
    startup_stm32f407xx.o(RESET) refers to stm32f4xx_it.o(i.BusFault_Handler) for BusFault_Handler
    startup_stm32f407xx.o(RESET) refers to stm32f4xx_it.o(i.UsageFault_Handler) for UsageFault_Handler
    startup_stm32f407xx.o(RESET) refers to port.o(.emb_text) for SVC_Handler
    startup_stm32f407xx.o(RESET) refers to stm32f4xx_it.o(i.DebugMon_Handler) for DebugMon_Handler
    startup_stm32f407xx.o(RESET) refers to stm32f4xx_it.o(i.SysTick_Handler) for SysTick_Handler
    startup_stm32f407xx.o(RESET) refers to stm32f4xx_it.o(i.TIM1_UP_TIM10_IRQHandler) for TIM1_UP_TIM10_IRQHandler
    startup_stm32f407xx.o(RESET) refers to stm32f4xx_it.o(i.USART3_IRQHandler) for USART3_IRQHandler
    startup_stm32f407xx.o(.text) refers to system_stm32f4xx.o(i.SystemInit) for SystemInit
    startup_stm32f407xx.o(.text) refers to entry.o(.ARM.Collect$$$$00000000) for __main
    locator.o(i.I2C_get_data) refers to stm32f4xx_hal_i2c.o(i.HAL_I2C_Master_Receive) for HAL_I2C_Master_Receive
    locator.o(i.I2C_get_data) refers to locator.o(.data) for .data
    locator.o(i.I2C_get_data) refers to main.o(.bss) for hi2c1
    locator.o(i.I2C_start_metering) refers to stm32f4xx_hal_i2c.o(i.HAL_I2C_Master_Transmit) for HAL_I2C_Master_Transmit
    locator.o(i.I2C_start_metering) refers to main.o(.bss) for hi2c1
    main.o(i.HAL_TIM_PeriodElapsedCallback) refers to stm32f4xx_hal.o(i.HAL_IncTick) for HAL_IncTick
    main.o(i.HAL_UART_RxCpltCallback) refers to stm32f4xx_hal_uart.o(i.HAL_UART_Receive_IT) for HAL_UART_Receive_IT
    main.o(i.HAL_UART_RxCpltCallback) refers to main.o(.bss) for .bss
    main.o(i.MX_GPIO_Init) refers to stm32f4xx_hal_gpio.o(i.HAL_GPIO_WritePin) for HAL_GPIO_WritePin
    main.o(i.MX_GPIO_Init) refers to stm32f4xx_hal_gpio.o(i.HAL_GPIO_Init) for HAL_GPIO_Init
    main.o(i.MX_I2C1_Init) refers to stm32f4xx_hal_i2c.o(i.HAL_I2C_Init) for HAL_I2C_Init
    main.o(i.MX_I2C1_Init) refers to main.o(.bss) for .bss
    main.o(i.StartDefaultTask) refers to locator.o(i.I2C_start_metering) for I2C_start_metering
    main.o(i.StartDefaultTask) refers to locator.o(i.I2C_get_data) for I2C_get_data
    main.o(i.StartDefaultTask) refers to cmsis_os.o(i.osMessagePut) for osMessagePut
    main.o(i.StartDefaultTask) refers to cmsis_os.o(i.osDelay) for osDelay
    main.o(i.StartDefaultTask) refers to main.o(.data) for .data
    main.o(i.StartTask02) refers to cmsis_os.o(i.osDelay) for osDelay
    main.o(i.StartTask02) refers to cmsis_os.o(i.osMessageGet) for osMessageGet
    main.o(i.StartTask02) refers to main.o(.data) for .data
    main.o(i.StartTask03) refers to cmsis_os.o(i.osDelay) for osDelay
    main.o(i.SystemClock_Config) refers to stm32f4xx_hal_rcc.o(i.HAL_RCC_OscConfig) for HAL_RCC_OscConfig
    main.o(i.SystemClock_Config) refers to stm32f4xx_hal_rcc.o(i.HAL_RCC_ClockConfig) for HAL_RCC_ClockConfig
    main.o(i.SystemClock_Config) refers to stm32f4xx_hal_rcc.o(i.HAL_RCC_GetHCLKFreq) for HAL_RCC_GetHCLKFreq
    main.o(i.SystemClock_Config) refers to stm32f4xx_hal_cortex.o(i.HAL_SYSTICK_Config) for HAL_SYSTICK_Config
    main.o(i.SystemClock_Config) refers to stm32f4xx_hal_cortex.o(i.HAL_SYSTICK_CLKSourceConfig) for HAL_SYSTICK_CLKSourceConfig
    main.o(i.SystemClock_Config) refers to stm32f4xx_hal_cortex.o(i.HAL_NVIC_SetPriority) for HAL_NVIC_SetPriority
    main.o(i.main) refers to stm32f4xx_hal.o(i.HAL_Init) for HAL_Init
    main.o(i.main) refers to main.o(i.SystemClock_Config) for SystemClock_Config
    main.o(i.main) refers to main.o(i.MX_GPIO_Init) for MX_GPIO_Init
    main.o(i.main) refers to stm32f4xx_hal_uart.o(i.HAL_UART_Init) for HAL_UART_Init
    main.o(i.main) refers to main.o(i.MX_I2C1_Init) for MX_I2C1_Init
    main.o(i.main) refers to stm32f4xx_hal.o(i.HAL_Delay) for HAL_Delay
    main.o(i.main) refers to at_init.o(i.AT_AP_mode_init) for AT_AP_mode_init
    main.o(i.main) refers to cmsis_os.o(i.osSemaphoreCreate) for osSemaphoreCreate
    main.o(i.main) refers to memcpya.o(.text) for __aeabi_memcpy4
    main.o(i.main) refers to cmsis_os.o(i.osThreadCreate) for osThreadCreate
    main.o(i.main) refers to cmsis_os.o(i.osMessageCreate) for osMessageCreate
    main.o(i.main) refers to cmsis_os.o(i.osKernelStart) for osKernelStart
    main.o(i.main) refers to main.o(.bss) for .bss
    main.o(i.main) refers to main.o(.data) for .data
[...]
    Removing system_stm32f4xx.o(.revsh_text), (4 bytes).
    Removing system_stm32f4xx.o(.rrx_text), (6 bytes).
    Removing system_stm32f4xx.o(i.SystemCoreClockUpdate), (120 bytes).
    Removing heap_4.o(i.vPortInitialiseBlocks), (2 bytes).
    Removing heap_4.o(i.xPortGetFreeHeapSize), (12 bytes).
    Removing heap_4.o(i.xPortGetMinimumEverFreeHeapSize), (12 bytes).
    Removing port.o(i.vPortEndScheduler), (32 bytes).
    Removing event_groups.o(i.prvTestWaitCondition), (20 bytes).
    Removing event_groups.o(i.vEventGroupClearBitsCallback), (4 bytes).
    Removing event_groups.o(i.vEventGroupDelete), (70 bytes).
    Removing event_groups.o(i.vEventGroupSetBitsCallback), (4 bytes).
    Removing event_groups.o(i.xEventGroupClearBits), (64 bytes).
    Removing event_groups.o(i.xEventGroupCreate), (26 bytes).
    Removing event_groups.o(i.xEventGroupGetBitsFromISR), (26 bytes).
    Removing event_groups.o(i.xEventGroupSetBits), (140 bytes).
    Removing event_groups.o(i.xEventGroupSync), (204 bytes).
    Removing event_groups.o(i.xEventGroupWaitBits), (264 bytes).
    Removing queue.o(i.pcQueueGetName), (40 bytes).
    Removing queue.o(i.uxQueueMessagesWaiting), (36 bytes).
    Removing queue.o(i.uxQueueMessagesWaitingFromISR), (22 bytes).
    Removing queue.o(i.uxQueueSpacesAvailable), (40 bytes).
    Removing queue.o(i.vQueueAddToRegistry), (40 bytes).
    Removing queue.o(i.vQueueDelete), (36 bytes).
    Removing queue.o(i.vQueueUnregisterQueue), (40 bytes).
    Removing queue.o(i.xQueueCreateMutex), (36 bytes).
    Removing queue.o(i.xQueueGiveFromISR), (156 bytes).
    Removing queue.o(i.xQueueIsQueueEmptyFromISR), (30 bytes).
    Removing queue.o(i.xQueueIsQueueFullFromISR), (34 bytes).
    Removing queue.o(i.xQueuePeekFromISR), (116 bytes).
    Removing queue.o(.bss), (64 bytes).
    Removing tasks.o(i.pcTaskGetName), (32 bytes).
    Removing tasks.o(i.prvTaskIsTaskSuspended), (52 bytes).
    Removing tasks.o(i.ulTaskNotifyTake), (104 bytes).
    Removing tasks.o(i.uxTaskGetNumberOfTasks), (12 bytes).
    Removing tasks.o(i.uxTaskPriorityGet), (28 bytes).
    Removing tasks.o(i.uxTaskPriorityGetFromISR), (44 bytes).
    Removing tasks.o(i.uxTaskResetEventItemValue), (24 bytes).
    Removing tasks.o(i.vTaskDelete), (172 bytes).
    Removing tasks.o(i.vTaskEndScheduler), (28 bytes).
    Removing tasks.o(i.vTaskNotifyGiveFromISR), (184 bytes).
    Removing tasks.o(i.vTaskPlaceOnUnorderedEventList), (80 bytes).
    Removing tasks.o(i.vTaskPrioritySet), (196 bytes).
    Removing tasks.o(i.vTaskResume), (124 bytes).
    Removing tasks.o(i.vTaskSuspend), (176 bytes).
    Removing tasks.o(i.xTaskGenericNotify), (204 bytes).
    Removing tasks.o(i.xTaskGenericNotifyFromISR), (240 bytes).
    Removing tasks.o(i.xTaskGetCurrentTaskHandle), (12 bytes).
    Removing tasks.o(i.xTaskGetTickCount), (12 bytes).
    Removing tasks.o(i.xTaskGetTickCountFromISR), (16 bytes).
    Removing tasks.o(i.xTaskNotifyStateClear), (52 bytes).
    Removing tasks.o(i.xTaskNotifyWait), (140 bytes).
    Removing tasks.o(i.xTaskRemoveFromUnorderedEventList), (120 bytes).
    Removing tasks.o(i.xTaskResumeFromISR), (136 bytes).
    Removing cmsis_os.o(.rev16_text), (4 bytes).
    Removing cmsis_os.o(.revsh_text), (4 bytes).
    Removing cmsis_os.o(i.makeCmsisPriority), (14 bytes).
    Removing cmsis_os.o(i.osAbortDelay), (4 bytes).
    Removing cmsis_os.o(i.osDelayUntil), (4 bytes).
    Removing cmsis_os.o(i.osKernelRunning), (18 bytes).
    Removing cmsis_os.o(i.osKernelSysTick), (24 bytes).
    Removing cmsis_os.o(i.osMailAlloc), (12 bytes).
    Removing cmsis_os.o(i.osMailCAlloc), (32 bytes).
    Removing cmsis_os.o(i.osMailCreate), (92 bytes).
    Removing cmsis_os.o(i.osMailFree), (12 bytes).
    Removing cmsis_os.o(i.osMailGet), (148 bytes).
    Removing cmsis_os.o(i.osMailPut), (92 bytes).
    Removing cmsis_os.o(i.osMessageAvailableSpace), (4 bytes).
    Removing cmsis_os.o(i.osMessageDelete), (24 bytes).
    Removing cmsis_os.o(i.osMessagePeek), (78 bytes).
    Removing cmsis_os.o(i.osMessageWaiting), (30 bytes).
    Removing cmsis_os.o(i.osMutexCreate), (6 bytes).
    Removing cmsis_os.o(i.osMutexDelete), (24 bytes).
    Removing cmsis_os.o(i.osMutexRelease), (80 bytes).
    Removing cmsis_os.o(i.osMutexWait), (104 bytes).
    Removing cmsis_os.o(i.osPoolAlloc), (106 bytes).
    Removing cmsis_os.o(i.osPoolCAlloc), (16 bytes).
    Removing cmsis_os.o(i.osPoolCreate), (94 bytes).
    Removing cmsis_os.o(i.osPoolFree), (48 bytes).
    Removing cmsis_os.o(i.osRecursiveMutexCreate), (4 bytes).
    Removing cmsis_os.o(i.osRecursiveMutexRelease), (4 bytes).
    Removing cmsis_os.o(i.osRecursiveMutexWait), (4 bytes).
    Removing cmsis_os.o(i.osSemaphoreDelete), (24 bytes).
    Removing cmsis_os.o(i.osSemaphoreGetCount), (4 bytes).
    Removing cmsis_os.o(i.osSemaphoreRelease), (80 bytes).
    Removing cmsis_os.o(i.osSemaphoreWait), (104 bytes).
    Removing cmsis_os.o(i.osSignalSet), (92 bytes).
    Removing cmsis_os.o(i.osSignalWait), (86 bytes).
    Removing cmsis_os.o(i.osThreadGetId), (4 bytes).
    Removing cmsis_os.o(i.osThreadGetPriority), (32 bytes).
    Removing cmsis_os.o(i.osThreadList), (4 bytes).
    Removing cmsis_os.o(i.osThreadResume), (52 bytes).
    Removing cmsis_os.o(i.osThreadResumeAll), (18 bytes).
    Removing cmsis_os.o(i.osThreadSetPriority), (22 bytes).
    Removing cmsis_os.o(i.osThreadSuspend), (10 bytes).
    Removing cmsis_os.o(i.osThreadSuspendAll), (10 bytes).
    Removing cmsis_os.o(i.osThreadTerminate), (10 bytes).
    Removing cmsis_os.o(i.osThreadYield), (24 bytes).
    Removing cmsis_os.o(i.osTimerCreate), (4 bytes).
    Removing cmsis_os.o(i.osTimerDelete), (4 bytes).
    Removing cmsis_os.o(i.osTimerStart), (4 bytes).
    Removing cmsis_os.o(i.osTimerStop), (4 bytes).

534 unused section(s) (total 36965 bytes) removed from the image.

==============================================================================

Image Symbol Table

    Local Symbols

    Symbol Name                              Value     Ov Type        Size  Object(Section)

    ..//Src/system_stm32f4xx.c               0x00000000   Number         0  system_stm32f4xx.o ABSOLUTE
    ../Drivers/STM32F4xx_HAL_Driver/Src/stm32f4xx_hal.c 0x00000000   Number         0  stm32f4xx_hal.o ABSOLUTE
    ../Drivers/STM32F4xx_HAL_Driver/Src/stm32f4xx_hal_cortex.c 0x00000000   Number         0  stm32f4xx_hal_cortex.o ABSOLUTE
    ../Drivers/STM32F4xx_HAL_Driver/Src/stm32f4xx_hal_dma.c 0x00000000   Number         0  stm32f4xx_hal_dma.o ABSOLUTE
    ../Drivers/STM32F4xx_HAL_Driver/Src/stm32f4xx_hal_dma_ex.c 0x00000000   Number         0  stm32f4xx_hal_dma_ex.o ABSOLUTE
    ../Drivers/STM32F4xx_HAL_Driver/Src/stm32f4xx_hal_flash.c 0x00000000   Number         0  stm32f4xx_hal_flash.o ABSOLUTE
    ../Drivers/STM32F4xx_HAL_Driver/Src/stm32f4xx_hal_flash_ex.c 0x00000000   Number         0  stm32f4xx_hal_flash_ex.o ABSOLUTE
    ../Drivers/STM32F4xx_HAL_Driver/Src/stm32f4xx_hal_flash_ramfunc.c 0x00000000   Number         0  stm32f4xx_hal_flash_ramfunc.o ABSOLUTE
    ../Drivers/STM32F4xx_HAL_Driver/Src/stm32f4xx_hal_gpio.c 0x00000000   Number         0  stm32f4xx_hal_gpio.o ABSOLUTE
    ../Drivers/STM32F4xx_HAL_Driver/Src/stm32f4xx_hal_i2c.c 0x00000000   Number         0  stm32f4xx_hal_i2c.o ABSOLUTE
    ../Drivers/STM32F4xx_HAL_Driver/Src/stm32f4xx_hal_i2c_ex.c 0x00000000   Number         0  stm32f4xx_hal_i2c_ex.o ABSOLUTE
    ../Drivers/STM32F4xx_HAL_Driver/Src/stm32f4xx_hal_pwr.c 0x00000000   Number         0  stm32f4xx_hal_pwr.o ABSOLUTE
    ../Drivers/STM32F4xx_HAL_Driver/Src/stm32f4xx_hal_pwr_ex.c 0x00000000   Number         0  stm32f4xx_hal_pwr_ex.o ABSOLUTE
    ../Drivers/STM32F4xx_HAL_Driver/Src/stm32f4xx_hal_rcc.c 0x00000000   Number         0  stm32f4xx_hal_rcc.o ABSOLUTE
    ../Drivers/STM32F4xx_HAL_Driver/Src/stm32f4xx_hal_rcc_ex.c 0x00000000   Number         0  stm32f4xx_hal_rcc_ex.o ABSOLUTE
    ../Drivers/STM32F4xx_HAL_Driver/Src/stm32f4xx_hal_tim.c 0x00000000   Number         0  stm32f4xx_hal_tim.o ABSOLUTE
    ../Drivers/STM32F4xx_HAL_Driver/Src/stm32f4xx_hal_tim_ex.c 0x00000000   Number         0  stm32f4xx_hal_tim_ex.o ABSOLUTE
    ../Drivers/STM32F4xx_HAL_Driver/Src/stm32f4xx_hal_uart.c 0x00000000   Number         0  stm32f4xx_hal_uart.o ABSOLUTE
    ../Middlewares/Third_Party/FreeRTOS/Source/CMSIS_RTOS/cmsis_os.c 0x00000000   Number         0  cmsis_os.o ABSOLUTE
    ../Middlewares/Third_Party/FreeRTOS/Source/croutine.c 0x00000000   Number         0  croutine.o ABSOLUTE
    ../Middlewares/Third_Party/FreeRTOS/Source/event_groups.c 0x00000000   Number         0  event_groups.o ABSOLUTE
    ../Middlewares/Third_Party/FreeRTOS/Source/list.c 0x00000000   Number         0  list.o ABSOLUTE
    ../Middlewares/Third_Party/FreeRTOS/Source/portable/MemMang/heap_4.c 0x00000000   Number         0  heap_4.o ABSOLUTE
    ../Middlewares/Third_Party/FreeRTOS/Source/portable/RVDS/ARM_CM4F/port.c 0x00000000   Number         0  port.o ABSOLUTE
    ../Middlewares/Third_Party/FreeRTOS/Source/queue.c 0x00000000   Number         0  queue.o ABSOLUTE
    ../Middlewares/Third_Party/FreeRTOS/Source/tasks.c 0x00000000   Number         0  tasks.o ABSOLUTE
    ../Middlewares/Third_Party/FreeRTOS/Source/timers.c 0x00000000   Number         0  timers.o ABSOLUTE
    ../Src/freertos.c                        0x00000000   Number         0  freertos.o ABSOLUTE
    ../Src/main.c                            0x00000000   Number         0  main.o ABSOLUTE
    ../Src/stm32f4xx_hal_msp.c               0x00000000   Number         0  stm32f4xx_hal_msp.o ABSOLUTE
    ../Src/stm32f4xx_hal_timebase_TIM.c      0x00000000   Number         0  stm32f4xx_hal_timebase_tim.o ABSOLUTE
    ../Src/stm32f4xx_it.c                    0x00000000   Number         0  stm32f4xx_it.o ABSOLUTE
    ../clib/../cmprslib/zerorunl2.c          0x00000000   Number         0  __dczerorl2.o ABSOLUTE
    ../clib/microlib/division.c              0x00000000   Number         0  uldiv.o ABSOLUTE
    ../clib/microlib/init/entry.s            0x00000000   Number         0  entry.o ABSOLUTE
    ../clib/microlib/init/entry.s            0x00000000   Number         0  entry5.o ABSOLUTE
    ../clib/microlib/init/entry.s            0x00000000   Number         0  entry8a.o ABSOLUTE
    ../clib/microlib/init/entry.s            0x00000000   Number         0  entry11b.o ABSOLUTE
    ../clib/microlib/init/entry.s            0x00000000   Number         0  entry11a.o ABSOLUTE
    ../clib/microlib/init/entry.s            0x00000000   Number         0  entry10b.o ABSOLUTE
    ../clib/microlib/init/entry.s            0x00000000   Number         0  entry10a.o ABSOLUTE
    ../clib/microlib/init/entry.s            0x00000000   Number         0  entry9b.o ABSOLUTE
    ../clib/microlib/init/entry.s            0x00000000   Number         0  entry9a.o ABSOLUTE
    ../clib/microlib/init/entry.s            0x00000000   Number         0  entry8b.o ABSOLUTE
    ../clib/microlib/init/entry.s            0x00000000   Number         0  entry7b.o ABSOLUTE
    ../clib/microlib/init/entry.s            0x00000000   Number         0  entry7a.o ABSOLUTE
    ../clib/microlib/init/entry.s            0x00000000   Number         0  entry2.o ABSOLUTE
    ../clib/microlib/longlong.c              0x00000000   Number         0  llushr.o ABSOLUTE
    ../clib/microlib/longlong.c              0x00000000   Number         0  llshl.o ABSOLUTE
    ../clib/microlib/string/memcpy.c         0x00000000   Number         0  memcpyb.o ABSOLUTE
    ../clib/microlib/string/memcpy.c         0x00000000   Number         0  memcpya.o ABSOLUTE
    ..\Drivers\STM32F4xx_HAL_Driver\Src\stm32f4xx_hal.c 0x00000000   Number         0  stm32f4xx_hal.o ABSOLUTE
    ..\Drivers\STM32F4xx_HAL_Driver\Src\stm32f4xx_hal_cortex.c 0x00000000   Number         0  stm32f4xx_hal_cortex.o ABSOLUTE
    ..\Drivers\STM32F4xx_HAL_Driver\Src\stm32f4xx_hal_dma.c 0x00000000   Number         0  stm32f4xx_hal_dma.o ABSOLUTE
    ..\Drivers\STM32F4xx_HAL_Driver\Src\stm32f4xx_hal_dma_ex.c 0x00000000   Number         0  stm32f4xx_hal_dma_ex.o ABSOLUTE
    ..\Drivers\STM32F4xx_HAL_Driver\Src\stm32f4xx_hal_flash.c 0x00000000   Number         0  stm32f4xx_hal_flash.o ABSOLUTE
    ..\Drivers\STM32F4xx_HAL_Driver\Src\stm32f4xx_hal_flash_ex.c 0x00000000   Number         0  stm32f4xx_hal_flash_ex.o ABSOLUTE
    ..\Drivers\STM32F4xx_HAL_Driver\Src\stm32f4xx_hal_flash_ramfunc.c 0x00000000   Number         0  stm32f4xx_hal_flash_ramfunc.o ABSOLUTE
    ..\Drivers\STM32F4xx_HAL_Driver\Src\stm32f4xx_hal_gpio.c 0x00000000   Number         0  stm32f4xx_hal_gpio.o ABSOLUTE
    ..\Drivers\STM32F4xx_HAL_Driver\Src\stm32f4xx_hal_i2c.c 0x00000000   Number         0  stm32f4xx_hal_i2c.o ABSOLUTE
    ..\Drivers\STM32F4xx_HAL_Driver\Src\stm32f4xx_hal_i2c_ex.c 0x00000000   Number         0  stm32f4xx_hal_i2c_ex.o ABSOLUTE
    ..\Drivers\STM32F4xx_HAL_Driver\Src\stm32f4xx_hal_pwr.c 0x00000000   Number         0  stm32f4xx_hal_pwr.o ABSOLUTE
    ..\Drivers\STM32F4xx_HAL_Driver\Src\stm32f4xx_hal_pwr_ex.c 0x00000000   Number         0  stm32f4xx_hal_pwr_ex.o ABSOLUTE
    ..\Drivers\STM32F4xx_HAL_Driver\Src\stm32f4xx_hal_rcc.c 0x00000000   Number         0  stm32f4xx_hal_rcc.o ABSOLUTE
    ..\Drivers\STM32F4xx_HAL_Driver\Src\stm32f4xx_hal_rcc_ex.c 0x00000000   Number         0  stm32f4xx_hal_rcc_ex.o ABSOLUTE
    ..\Drivers\STM32F4xx_HAL_Driver\Src\stm32f4xx_hal_tim.c 0x00000000   Number         0  stm32f4xx_hal_tim.o ABSOLUTE
    ..\Drivers\STM32F4xx_HAL_Driver\Src\stm32f4xx_hal_tim_ex.c 0x00000000   Number         0  stm32f4xx_hal_tim_ex.o ABSOLUTE
    ..\Drivers\STM32F4xx_HAL_Driver\Src\stm32f4xx_hal_uart.c 0x00000000   Number         0  stm32f4xx_hal_uart.o ABSOLUTE
    ..\Middlewares\Third_Party\FreeRTOS\Source\CMSIS_RTOS\cmsis_os.c 0x00000000   Number         0  cmsis_os.o ABSOLUTE
    ..\Middlewares\Third_Party\FreeRTOS\Source\portable\RVDS\ARM_CM4F\port.c 0x00000000   Number         0  port.o ABSOLUTE
    ..\Src\AT_init.c                         0x00000000   Number         0  at_init.o ABSOLUTE
    ..\Src\locator.c                         0x00000000   Number         0  locator.o ABSOLUTE
    ..\Src\main.c                            0x00000000   Number         0  main.o ABSOLUTE
    ..\Src\stm32f4xx_hal_msp.c               0x00000000   Number         0  stm32f4xx_hal_msp.o ABSOLUTE
    ..\Src\stm32f4xx_hal_timebase_TIM.c      0x00000000   Number         0  stm32f4xx_hal_timebase_tim.o ABSOLUTE
    ..\Src\stm32f4xx_it.c                    0x00000000   Number         0  stm32f4xx_it.o ABSOLUTE
    ..\\Src\\AT_init.c                       0x00000000   Number         0  at_init.o ABSOLUTE
    ..\\Src\\locator.c                       0x00000000   Number         0  locator.o ABSOLUTE
    ..\\Src\system_stm32f4xx.c               0x00000000   Number         0  system_stm32f4xx.o ABSOLUTE
    AT_commands.c                            0x00000000   Number         0  at_commands.o ABSOLUTE
    AT_commands.c                            0x00000000   Number         0  at_commands.o ABSOLUTE
    dc.s                                     0x00000000   Number         0  dc.o ABSOLUTE
    handlers.s                               0x00000000   Number         0  handlers.o ABSOLUTE
    init.s                                   0x00000000   Number         0  init.o ABSOLUTE
    startup_stm32f407xx.s                    0x00000000   Number         0  startup_stm32f407xx.o ABSOLUTE
    RESET                                    0x08000000   Section      392  startup_stm32f407xx.o(RESET)
    .ARM.Collect$$$$00000000                 0x08000188   Section        0  entry.o(.ARM.Collect$$$$00000000)
    .ARM.Collect$$$$00000001                 0x08000188   Section        4  entry2.o(.ARM.Collect$$$$00000001)
    .ARM.Collect$$$$00000004                 0x0800018c   Section        4  entry5.o(.ARM.Collect$$$$00000004)
    .ARM.Collect$$$$00000008                 0x08000190   Section        0  entry7b.o(.ARM.Collect$$$$00000008)
    .ARM.Collect$$$$0000000A                 0x08000190   Section        0  entry8b.o(.ARM.Collect$$$$0000000A)
    .ARM.Collect$$$$0000000B                 0x08000190   Section        8  entry9a.o(.ARM.Collect$$$$0000000B)
    .ARM.Collect$$$$0000000D                 0x08000198   Section        0  entry10a.o(.ARM.Collect$$$$0000000D)
    .ARM.Collect$$$$0000000F                 0x08000198   Section        0  entry11a.o(.ARM.Collect$$$$0000000F)
    .ARM.Collect$$$$00002712                 0x08000198   Section        4  entry2.o(.ARM.Collect$$$$00002712)
    __lit__00000000                          0x08000198   Data           4  entry2.o(.ARM.Collect$$$$00002712)
    .emb_text                                0x0800019c   Section      186  port.o(.emb_text)
    $v0                                      0x0800019c   Number         0  port.o(.emb_text)
    .text                                    0x08000258   Section       36  startup_stm32f407xx.o(.text)
    $v0                                      0x08000258   Number         0  startup_stm32f407xx.o(.text)
    .text                                    0x0800027c   Section        0  uldiv.o(.text)
    .text                                    0x080002de   Section        0  memcpya.o(.text)
    .text                                    0x08000302   Section        0  llshl.o(.text)
    .text                                    0x08000320   Section        0  llushr.o(.text)
    .text                                    0x08000340   Section       36  init.o(.text)
    .text                                    0x08000364   Section        0  __dczerorl2.o(.text)
    i.AT_AP_mode_init                        0x080003bc   Section        0  at_init.o(i.AT_AP_mode_init)
    i.AT_check_status                        0x08000440   Section        0  at_init.o(i.AT_check_status)
    i.BusFault_Handler                       0x08000494   Section        0  stm32f4xx_it.o(i.BusFault_Handler)
    i.DebugMon_Handler                       0x08000496   Section        0  stm32f4xx_it.o(i.DebugMon_Handler)
    i.HAL_DMA_Abort_IT                       0x08000498   Section        0  stm32f4xx_hal_dma.o(i.HAL_DMA_Abort_IT)
    i.HAL_Delay                              0x080004bc   Section        0  stm32f4xx_hal.o(i.HAL_Delay)
    i.HAL_GPIO_Init                          0x080004e0   Section        0  stm32f4xx_hal_gpio.o(i.HAL_GPIO_Init)
    i.HAL_GPIO_TogglePin                     0x08000690   Section        0  stm32f4xx_hal_gpio.o(i.HAL_GPIO_TogglePin)
    i.HAL_GPIO_WritePin                      0x08000698   Section        0  stm32f4xx_hal_gpio.o(i.HAL_GPIO_WritePin)
    i.HAL_GetTick                            0x080006a4   Section        0  stm32f4xx_hal.o(i.HAL_GetTick)
    i.HAL_I2C_Init                           0x080006b0   Section        0  stm32f4xx_hal_i2c.o(i.HAL_I2C_Init)
    i.HAL_I2C_Master_Receive                 0x080007b8   Section        0  stm32f4xx_hal_i2c.o(i.HAL_I2C_Master_Receive)
    i.HAL_I2C_Master_Transmit                0x080009a0   Section        0  stm32f4xx_hal_i2c.o(i.HAL_I2C_Master_Transmit)
    i.HAL_I2C_MspInit                        0x08000ad8   Section        0  stm32f4xx_hal_msp.o(i.HAL_I2C_MspInit)
    i.HAL_IncTick                            0x08000b24   Section        0  stm32f4xx_hal.o(i.HAL_IncTick)
    i.HAL_Init                               0x08000b34   Section        0  stm32f4xx_hal.o(i.HAL_Init)
    i.HAL_InitTick                           0x08000b68   Section        0  stm32f4xx_hal_timebase_tim.o(i.HAL_InitTick)
    i.HAL_MspInit                            0x08000bdc   Section        0  stm32f4xx_hal_msp.o(i.HAL_MspInit)
    i.HAL_NVIC_EnableIRQ                     0x08000c60   Section        0  stm32f4xx_hal_cortex.o(i.HAL_NVIC_EnableIRQ)
    i.HAL_NVIC_SetPriority                   0x08000c78   Section        0  stm32f4xx_hal_cortex.o(i.HAL_NVIC_SetPriority)
    i.HAL_NVIC_SetPriorityGrouping           0x08000cb8   Section        0  stm32f4xx_hal_cortex.o(i.HAL_NVIC_SetPriorityGrouping)
    i.HAL_RCC_ClockConfig                    0x08000cdc   Section        0  stm32f4xx_hal_rcc.o(i.HAL_RCC_ClockConfig)
    i.HAL_RCC_GetClockConfig                 0x08000e0c   Section        0  stm32f4xx_hal_rcc.o(i.HAL_RCC_GetClockConfig)
    i.HAL_RCC_GetHCLKFreq                    0x08000e4c   Section        0  stm32f4xx_hal_rcc.o(i.HAL_RCC_GetHCLKFreq)
    i.HAL_RCC_GetPCLK1Freq                   0x08000e58   Section        0  stm32f4xx_hal_rcc.o(i.HAL_RCC_GetPCLK1Freq)
    i.HAL_RCC_GetPCLK2Freq                   0x08000e78   Section        0  stm32f4xx_hal_rcc.o(i.HAL_RCC_GetPCLK2Freq)
    i.HAL_RCC_GetSysClockFreq                0x08000e98   Section        0  stm32f4xx_hal_rcc.o(i.HAL_RCC_GetSysClockFreq)
    i.HAL_RCC_OscConfig                      0x08000ef8   Section        0  stm32f4xx_hal_rcc.o(i.HAL_RCC_OscConfig)
    i.HAL_SYSTICK_CLKSourceConfig            0x08001214   Section        0  stm32f4xx_hal_cortex.o(i.HAL_SYSTICK_CLKSourceConfig)
    i.HAL_SYSTICK_Config                     0x0800122c   Section        0  stm32f4xx_hal_cortex.o(i.HAL_SYSTICK_Config)
    i.HAL_TIMEx_BreakCallback                0x08001254   Section        0  stm32f4xx_hal_tim_ex.o(i.HAL_TIMEx_BreakCallback)
    i.HAL_TIMEx_CommutationCallback          0x08001256   Section        0  stm32f4xx_hal_tim_ex.o(i.HAL_TIMEx_CommutationCallback)
    i.HAL_TIM_Base_Init                      0x08001258   Section        0  stm32f4xx_hal_tim.o(i.HAL_TIM_Base_Init)
    i.HAL_TIM_Base_MspInit                   0x0800128e   Section        0  stm32f4xx_hal_tim.o(i.HAL_TIM_Base_MspInit)
    i.HAL_TIM_Base_Start_IT                  0x08001290   Section        0  stm32f4xx_hal_tim.o(i.HAL_TIM_Base_Start_IT)
    i.HAL_TIM_IC_CaptureCallback             0x080012a8   Section        0  stm32f4xx_hal_tim.o(i.HAL_TIM_IC_CaptureCallback)
    i.HAL_TIM_IRQHandler                     0x080012aa   Section        0  stm32f4xx_hal_tim.o(i.HAL_TIM_IRQHandler)
    i.HAL_TIM_OC_DelayElapsedCallback        0x08001410   Section        0  stm32f4xx_hal_tim.o(i.HAL_TIM_OC_DelayElapsedCallback)
    i.HAL_TIM_PWM_PulseFinishedCallback      0x08001412   Section        0  stm32f4xx_hal_tim.o(i.HAL_TIM_PWM_PulseFinishedCallback)
    i.HAL_TIM_PeriodElapsedCallback          0x08001414   Section        0  main.o(i.HAL_TIM_PeriodElapsedCallback)
    i.HAL_TIM_TriggerCallback                0x08001428   Section        0  stm32f4xx_hal_tim.o(i.HAL_TIM_TriggerCallback)
    i.HAL_UART_ErrorCallback                 0x0800142a   Section        0  stm32f4xx_hal_uart.o(i.HAL_UART_ErrorCallback)
    i.HAL_UART_IRQHandler                    0x0800142c   Section        0  stm32f4xx_hal_uart.o(i.HAL_UART_IRQHandler)
    i.HAL_UART_Init                          0x0800153c   Section        0  stm32f4xx_hal_uart.o(i.HAL_UART_Init)
    i.HAL_UART_MspInit                       0x080015a0   Section        0  stm32f4xx_hal_msp.o(i.HAL_UART_MspInit)
    i.HAL_UART_Receive                       0x080015fc   Section        0  stm32f4xx_hal_uart.o(i.HAL_UART_Receive)
    i.HAL_UART_Receive_IT                    0x080016b4   Section        0  stm32f4xx_hal_uart.o(i.HAL_UART_Receive_IT)
    i.HAL_UART_RxCpltCallback                0x080016fc   Section        0  main.o(i.HAL_UART_RxCpltCallback)
    i.HAL_UART_Transmit                      0x08001714   Section        0  stm32f4xx_hal_uart.o(i.HAL_UART_Transmit)
    i.HAL_UART_TxCpltCallback                0x080017ce   Section        0  stm32f4xx_hal_uart.o(i.HAL_UART_TxCpltCallback)
    i.HardFault_Handler                      0x080017d0   Section        0  stm32f4xx_it.o(i.HardFault_Handler)
    i.I2C_IsAcknowledgeFailed                0x080017d2   Section        0  stm32f4xx_hal_i2c.o(i.I2C_IsAcknowledgeFailed)
    I2C_IsAcknowledgeFailed                  0x080017d3   Thumb Code    40  stm32f4xx_hal_i2c.o(i.I2C_IsAcknowledgeFailed)
    i.I2C_MasterRequestRead                  0x080017fa   Section        0  stm32f4xx_hal_i2c.o(i.I2C_MasterRequestRead)
    I2C_MasterRequestRead                    0x080017fb   Thumb Code   222  stm32f4xx_hal_i2c.o(i.I2C_MasterRequestRead)
    i.I2C_MasterRequestWrite                 0x080018d8   Section        0  stm32f4xx_hal_i2c.o(i.I2C_MasterRequestWrite)
    I2C_MasterRequestWrite                   0x080018d9   Thumb Code   142  stm32f4xx_hal_i2c.o(i.I2C_MasterRequestWrite)
    i.I2C_WaitOnBTFFlagUntilTimeout          0x0800196c   Section        0  stm32f4xx_hal_i2c.o(i.I2C_WaitOnBTFFlagUntilTimeout)
    I2C_WaitOnBTFFlagUntilTimeout            0x0800196d   Thumb Code    78  stm32f4xx_hal_i2c.o(i.I2C_WaitOnBTFFlagUntilTimeout)
    i.I2C_WaitOnFlagUntilTimeout             0x080019ba   Section        0  stm32f4xx_hal_i2c.o(i.I2C_WaitOnFlagUntilTimeout)
    I2C_WaitOnFlagUntilTimeout               0x080019bb   Thumb Code    96  stm32f4xx_hal_i2c.o(i.I2C_WaitOnFlagUntilTimeout)
    i.I2C_WaitOnMasterAddressFlagUntilTimeout 0x08001a1c   Section        0  stm32f4xx_hal_i2c.o(i.I2C_WaitOnMasterAddressFlagUntilTimeout)
    I2C_WaitOnMasterAddressFlagUntilTimeout  0x08001a1d   Thumb Code   136  stm32f4xx_hal_i2c.o(i.I2C_WaitOnMasterAddressFlagUntilTimeout)
    i.I2C_WaitOnRXNEFlagUntilTimeout         0x08001aa4   Section        0  stm32f4xx_hal_i2c.o(i.I2C_WaitOnRXNEFlagUntilTimeout)
    I2C_WaitOnRXNEFlagUntilTimeout           0x08001aa5   Thumb Code    98  stm32f4xx_hal_i2c.o(i.I2C_WaitOnRXNEFlagUntilTimeout)
    i.I2C_WaitOnTXEFlagUntilTimeout          0x08001b06   Section        0  stm32f4xx_hal_i2c.o(i.I2C_WaitOnTXEFlagUntilTimeout)
    I2C_WaitOnTXEFlagUntilTimeout            0x08001b07   Thumb Code    78  stm32f4xx_hal_i2c.o(i.I2C_WaitOnTXEFlagUntilTimeout)
    i.I2C_get_data                           0x08001b54   Section        0  locator.o(i.I2C_get_data)
    i.I2C_start_metering                     0x08001b7c   Section        0  locator.o(i.I2C_start_metering)
    i.MX_GPIO_Init                           0x08001b9c   Section        0  main.o(i.MX_GPIO_Init)
    MX_GPIO_Init                             0x08001b9d   Thumb Code   110  main.o(i.MX_GPIO_Init)
    i.MX_I2C1_Init                           0x08001c14   Section        0  main.o(i.MX_I2C1_Init)
    MX_I2C1_Init                             0x08001c15   Thumb Code    44  main.o(i.MX_I2C1_Init)
    i.MemManage_Handler                      0x08001c4c   Section        0  stm32f4xx_it.o(i.MemManage_Handler)
    i.NMI_Handler                            0x08001c4e   Section        0  stm32f4xx_it.o(i.NMI_Handler)
    i.NVIC_SetPriority                       0x08001c50   Section        0  stm32f4xx_hal_cortex.o(i.NVIC_SetPriority)
    NVIC_SetPriority                         0x08001c51   Thumb Code    32  stm32f4xx_hal_cortex.o(i.NVIC_SetPriority)
    i.StartDefaultTask                       0x08001c70   Section        0  main.o(i.StartDefaultTask)
    i.StartTask02                            0x08001ca0   Section        0  main.o(i.StartTask02)
    i.StartTask03                            0x08001cc8   Section        0  main.o(i.StartTask03)
    i.SysTick_Handler                        0x08001cd0   Section        0  stm32f4xx_it.o(i.SysTick_Handler)
    i.SystemClock_Config                     0x08001cd4   Section        0  main.o(i.SystemClock_Config)
    i.SystemInit                             0x08001d74   Section        0  system_stm32f4xx.o(i.SystemInit)
    i.TIM1_UP_TIM10_IRQHandler               0x08001dc8   Section        0  stm32f4xx_it.o(i.TIM1_UP_TIM10_IRQHandler)
    i.TIM_Base_SetConfig                     0x08001dd4   Section        0  stm32f4xx_hal_tim.o(i.TIM_Base_SetConfig)
    i.UART_DMAAbortOnError                   0x08001e94   Section        0  stm32f4xx_hal_uart.o(i.UART_DMAAbortOnError)
    UART_DMAAbortOnError                     0x08001e95   Thumb Code    16  stm32f4xx_hal_uart.o(i.UART_DMAAbortOnError)
    i.UART_EndRxTransfer                     0x08001ea4   Section        0  stm32f4xx_hal_uart.o(i.UART_EndRxTransfer)
    UART_EndRxTransfer                       0x08001ea5   Thumb Code    28  stm32f4xx_hal_uart.o(i.UART_EndRxTransfer)
    i.UART_Receive_IT                        0x08001ec0   Section        0  stm32f4xx_hal_uart.o(i.UART_Receive_IT)
    UART_Receive_IT                          0x08001ec1   Thumb Code   140  stm32f4xx_hal_uart.o(i.UART_Receive_IT)
    i.UART_SetConfig                         0x08001f4c   Section        0  stm32f4xx_hal_uart.o(i.UART_SetConfig)
    UART_SetConfig                           0x08001f4d   Thumb Code   676  stm32f4xx_hal_uart.o(i.UART_SetConfig)
    i.UART_Transmit_IT                       0x080021f8   Section        0  stm32f4xx_hal_uart.o(i.UART_Transmit_IT)
    UART_Transmit_IT                         0x080021f9   Thumb Code    98  stm32f4xx_hal_uart.o(i.UART_Transmit_IT)
    i.UART_WaitOnFlagUntilTimeout            0x0800225a   Section        0  stm32f4xx_hal_uart.o(i.UART_WaitOnFlagUntilTimeout)
    UART_WaitOnFlagUntilTimeout              0x0800225b   Thumb Code   100  stm32f4xx_hal_uart.o(i.UART_WaitOnFlagUntilTimeout)
    i.USART3_IRQHandler                      0x080022c0   Section        0  stm32f4xx_it.o(i.USART3_IRQHandler)
    i.UsageFault_Handler                     0x080022cc   Section        0  stm32f4xx_it.o(i.UsageFault_Handler)
    i.__scatterload_copy                     0x080022ce   Section       14  handlers.o(i.__scatterload_copy)
    i.__scatterload_null                     0x080022dc   Section        2  handlers.o(i.__scatterload_null)
    i.__scatterload_zeroinit                 0x080022de   Section       14  handlers.o(i.__scatterload_zeroinit)
    i.inHandlerMode                          0x080022ec   Section        0  cmsis_os.o(i.inHandlerMode)
    inHandlerMode                            0x080022ed   Thumb Code    12  cmsis_os.o(i.inHandlerMode)
    i.main                                   0x080022f8   Section        0  main.o(i.main)
    i.makeFreeRtosPriority                   0x080023b4   Section        0  cmsis_os.o(i.makeFreeRtosPriority)
    makeFreeRtosPriority                     0x080023b5   Thumb Code    12  cmsis_os.o(i.makeFreeRtosPriority)
    i.osDelay                                0x080023c0   Section        0  cmsis_os.o(i.osDelay)
    i.osKernelStart                          0x080023ce   Section        0  cmsis_os.o(i.osKernelStart)
    i.osMessageCreate                        0x080023d8   Section        0  cmsis_os.o(i.osMessageCreate)
    i.osMessageGet                           0x080023e0   Section        0  cmsis_os.o(i.osMessageGet)
    i.osMessagePut                           0x08002478   Section        0  cmsis_os.o(i.osMessagePut)
    i.osSemaphoreCreate                      0x080024d4   Section        0  cmsis_os.o(i.osSemaphoreCreate)
    i.osSystickHandler                       0x080024fa   Section        0  cmsis_os.o(i.osSystickHandler)
    i.osThreadCreate                         0x0800250e   Section        0  cmsis_os.o(i.osThreadCreate)
    i.prvAddCurrentTaskToDelayedList         0x0800253c   Section        0  tasks.o(i.prvAddCurrentTaskToDelayedList)
    prvAddCurrentTaskToDelayedList           0x0800253d   Thumb Code   102  tasks.o(i.prvAddCurrentTaskToDelayedList)
    i.prvAddNewTaskToReadyList               0x080025ac   Section        0  tasks.o(i.prvAddNewTaskToReadyList)
    prvAddNewTaskToReadyList                 0x080025ad   Thumb Code   194  tasks.o(i.prvAddNewTaskToReadyList)
    i.prvCheckTasksWaitingTermination        0x0800267c   Section        0  tasks.o(i.prvCheckTasksWaitingTermination)
    prvCheckTasksWaitingTermination          0x0800267d   Thumb Code    70  tasks.o(i.prvCheckTasksWaitingTermination)
    i.prvCopyDataFromQueue                   0x080026cc   Section        0  queue.o(i.prvCopyDataFromQueue)
    prvCopyDataFromQueue                     0x080026cd   Thumb Code    38  queue.o(i.prvCopyDataFromQueue)
    i.prvCopyDataToQueue                     0x080026f2   Section        0  queue.o(i.prvCopyDataToQueue)
    prvCopyDataToQueue                       0x080026f3   Thumb Code   108  queue.o(i.prvCopyDataToQueue)
    i.prvDeleteTCB                           0x0800275e   Section        0  tasks.o(i.prvDeleteTCB)
    prvDeleteTCB                             0x0800275f   Thumb Code    20  tasks.o(i.prvDeleteTCB)
    i.prvHeapInit                            0x08002774   Section        0  heap_4.o(i.prvHeapInit)
    prvHeapInit                              0x08002775   Thumb Code    66  heap_4.o(i.prvHeapInit)
    i.prvIdleTask                            0x080027c0   Section        0  tasks.o(i.prvIdleTask)
    prvIdleTask                              0x080027c1   Thumb Code    30  tasks.o(i.prvIdleTask)
    i.prvInitialiseNewTask                   0x080027e8   Section        0  tasks.o(i.prvInitialiseNewTask)
    prvInitialiseNewTask                     0x080027e9   Thumb Code   142  tasks.o(i.prvInitialiseNewTask)
    i.prvInsertBlockIntoFreeList             0x08002878   Section        0  heap_4.o(i.prvInsertBlockIntoFreeList)
    prvInsertBlockIntoFreeList               0x08002879   Thumb Code    72  heap_4.o(i.prvInsertBlockIntoFreeList)
    i.prvIsQueueEmpty                        0x080028c4   Section        0  queue.o(i.prvIsQueueEmpty)
    prvIsQueueEmpty                          0x080028c5   Thumb Code    28  queue.o(i.prvIsQueueEmpty)
    i.prvResetNextTaskUnblockTime            0x080028e0   Section        0  tasks.o(i.prvResetNextTaskUnblockTime)
    prvResetNextTaskUnblockTime              0x080028e1   Thumb Code    26  tasks.o(i.prvResetNextTaskUnblockTime)
    i.prvTaskExitError                       0x08002900   Section        0  port.o(i.prvTaskExitError)
    prvTaskExitError                         0x08002901   Thumb Code    36  port.o(i.prvTaskExitError)
    i.prvUnlockQueue                         0x08002928   Section        0  queue.o(i.prvUnlockQueue)
    prvUnlockQueue                           0x08002929   Thumb Code   106  queue.o(i.prvUnlockQueue)
    i.pvPortMalloc                           0x08002994   Section        0  heap_4.o(i.pvPortMalloc)
    i.pvTaskIncrementMutexHeldCount          0x08002a6c   Section        0  tasks.o(i.pvTaskIncrementMutexHeldCount)
    i.pxPortInitialiseStack                  0x08002a84   Section        0  port.o(i.pxPortInitialiseStack)
    i.uxListRemove                           0x08002ab0   Section        0  list.o(i.uxListRemove)
    i.vListInitialise                        0x08002ad4   Section        0  list.o(i.vListInitialise)
    i.vListInitialiseItem                    0x08002aea   Section        0  list.o(i.vListInitialiseItem)
    i.vListInsert                            0x08002af0   Section        0  list.o(i.vListInsert)
    i.vListInsertEnd                         0x08002b20   Section        0  list.o(i.vListInsertEnd)
    i.vPortEnterCritical                     0x08002b38   Section        0  port.o(i.vPortEnterCritical)
    i.vPortExitCritical                      0x08002b78   Section        0  port.o(i.vPortExitCritical)
    i.vPortFree                              0x08002ba0   Section        0  heap_4.o(i.vPortFree)
    i.vPortSetupTimerInterrupt               0x08002bfc   Section        0  port.o(i.vPortSetupTimerInterrupt)
    i.vPortValidateInterruptPriority         0x08002c1c   Section        0  port.o(i.vPortValidateInterruptPriority)
    i.vTaskDelay                             0x08002c70   Section        0  tasks.o(i.vTaskDelay)
    i.vTaskMissedYield                       0x08002cbc   Section        0  tasks.o(i.vTaskMissedYield)
    i.vTaskPlaceOnEventList                  0x08002cc8   Section        0  tasks.o(i.vTaskPlaceOnEventList)
    i.vTaskPriorityInherit                   0x08002cf8   Section        0  tasks.o(i.vTaskPriorityInherit)
    i.vTaskSetTimeOutState                   0x08002d7c   Section        0  tasks.o(i.vTaskSetTimeOutState)
    i.vTaskStartScheduler                    0x08002da0   Section        0  tasks.o(i.vTaskStartScheduler)
    i.vTaskSuspendAll                        0x08002e08   Section        0  tasks.o(i.vTaskSuspendAll)
    i.vTaskSwitchContext                     0x08002e18   Section        0  tasks.o(i.vTaskSwitchContext)
    i.xPortStartScheduler                    0x08002e74   Section        0  port.o(i.xPortStartScheduler)
    i.xPortSysTickHandler                    0x08002f54   Section        0  port.o(i.xPortSysTickHandler)
    i.xQueueGenericCreate                    0x08002f80   Section        0  queue.o(i.xQueueGenericCreate)
    i.xQueueGenericReceive                   0x08002fc8   Section        0  queue.o(i.xQueueGenericReceive)
    i.xQueueGenericReset                     0x08003134   Section        0  queue.o(i.xQueueGenericReset)
    i.xQueueGenericSend                      0x080031bc   Section        0  queue.o(i.xQueueGenericSend)
    i.xQueueGenericSendFromISR               0x0800331c   Section        0  queue.o(i.xQueueGenericSendFromISR)
    i.xQueueReceiveFromISR                   0x080033d8   Section        0  queue.o(i.xQueueReceiveFromISR)
    i.xTaskCheckForTimeOut                   0x08003474   Section        0  tasks.o(i.xTaskCheckForTimeOut)
    i.xTaskCreate                            0x080034e0   Section        0  tasks.o(i.xTaskCreate)
    i.xTaskGetSchedulerState                 0x08003538   Section        0  tasks.o(i.xTaskGetSchedulerState)
    i.xTaskIncrementTick                     0x08003554   Section        0  tasks.o(i.xTaskIncrementTick)
    i.xTaskPriorityDisinherit                0x0800361c   Section        0  tasks.o(i.xTaskPriorityDisinherit)
    i.xTaskRemoveFromEventList               0x080036b4   Section        0  tasks.o(i.xTaskRemoveFromEventList)
    i.xTaskResumeAll                         0x08003728   Section        0  tasks.o(i.xTaskResumeAll)
    .constdata                               0x080037ec   Section       68  main.o(.constdata)
    .constdata                               0x08003830   Section       16  system_stm32f4xx.o(.constdata)
    .constdata                               0x08003840   Section        8  system_stm32f4xx.o(.constdata)
    .conststring                             0x08003848   Section       34  main.o(.conststring)
    .data                                    0x20000000   Section        2  locator.o(.data)
    .data                                    0x20000004   Section       24  main.o(.data)
    .data                                    0x2000001c   Section      266  at_init.o(.data)
    .data                                    0x20000128   Section       12  stm32f4xx_hal.o(.data)
    .data                                    0x20000134   Section        4  system_stm32f4xx.o(.data)
    .data                                    0x20000138   Section       24  heap_4.o(.data)
    pxEnd                                    0x20000138   Data           4  heap_4.o(.data)
    xFreeBytesRemaining                      0x2000013c   Data           4  heap_4.o(.data)
    xMinimumEverFreeBytesRemaining           0x20000140   Data           4  heap_4.o(.data)
    xBlockAllocatedBit                       0x20000144   Data           4  heap_4.o(.data)
    xStart                                   0x20000148   Data           8  heap_4.o(.data)
    .data                                    0x20000150   Section       12  port.o(.data)
    ucMaxSysCallPriority                     0x20000150   Data           1  port.o(.data)
    uxCriticalNesting                        0x20000154   Data           4  port.o(.data)
    ulMaxPRIGROUPValue                       0x20000158   Data           4  port.o(.data)
    .data                                    0x2000015c   Section       60  tasks.o(.data)
    uxDeletedTasksWaitingCleanUp             0x20000160   Data           4  tasks.o(.data)
    uxCurrentNumberOfTasks                   0x20000164   Data           4  tasks.o(.data)
    xTickCount                               0x20000168   Data           4  tasks.o(.data)
    uxTopReadyPriority                       0x2000016c   Data           4  tasks.o(.data)
    xSchedulerRunning                        0x20000170   Data           4  tasks.o(.data)
    uxPendedTicks                            0x20000174   Data           4  tasks.o(.data)
    xYieldPending                            0x20000178   Data           4  tasks.o(.data)
    xNumOfOverflows                          0x2000017c   Data           4  tasks.o(.data)
    uxTaskNumber                             0x20000180   Data           4  tasks.o(.data)
    xNextTaskUnblockTime                     0x20000184   Data           4  tasks.o(.data)
    xIdleTaskHandle                          0x20000188   Data           4  tasks.o(.data)
    uxSchedulerSuspended                     0x2000018c   Data           4  tasks.o(.data)
    pxDelayedTaskList                        0x20000190   Data           4  tasks.o(.data)
    pxOverflowDelayedTaskList                0x20000194   Data           4  tasks.o(.data)
    .bss                                     0x20000198   Section      188  main.o(.bss)
    .bss                                     0x20000254   Section       60  stm32f4xx_hal_timebase_tim.o(.bss)
    .bss                                     0x20000290   Section    15360  heap_4.o(.bss)
    ucHeap                                   0x20000290   Data       15360  heap_4.o(.bss)
    .bss                                     0x20003e90   Section      240  tasks.o(.bss)
    pxReadyTasksLists                        0x20003e90   Data         140  tasks.o(.bss)
    xDelayedTaskList1                        0x20003f1c   Data          20  tasks.o(.bss)
    xDelayedTaskList2                        0x20003f30   Data          20  tasks.o(.bss)
    xPendingReadyList                        0x20003f44   Data          20  tasks.o(.bss)
    xTasksWaitingTermination                 0x20003f58   Data          20  tasks.o(.bss)
    xSuspendedTaskList                       0x20003f6c   Data          20  tasks.o(.bss)
    STACK                                    0x20003f80   Section     1024  startup_stm32f407xx.o(STACK)

    Global Symbols

    Symbol Name                              Value     Ov Type        Size  Object(Section)

    BuildAttributes$$THM_ISAv4$E$P$D$K$B$S$7EM$VFPi3$EXTD16$VFPS$VFMA$PE$A:L22UL41UL21$X:L11$S22US41US21$IEEE1$IW$USESV6$~STKCKD$USESV7$~SHL$OSPACE$EBA8$MICROLIB$REQ8$PRES8$EABIv2 0x00000000   Number         0  anon$$obj.o ABSOLUTE
    __ARM_use_no_argv                        0x00000000   Number         0  main.o ABSOLUTE
    __cpp_initialize__aeabi_                  - Undefined Weak Reference
    __cxa_finalize                            - Undefined Weak Reference
    _clock_init                               - Undefined Weak Reference
    _microlib_exit                            - Undefined Weak Reference
    __Vectors_Size                           0x00000188   Number         0  startup_stm32f407xx.o ABSOLUTE
    __Vectors                                0x08000000   Data           4  startup_stm32f407xx.o(RESET)
    __Vectors_End                            0x08000188   Data           0  startup_stm32f407xx.o(RESET)
    __main                                   0x08000189   Thumb Code     0  entry.o(.ARM.Collect$$$$00000000)
    _main_stk                                0x08000189   Thumb Code     0  entry2.o(.ARM.Collect$$$$00000001)
    _main_scatterload                        0x0800018d   Thumb Code     0  entry5.o(.ARM.Collect$$$$00000004)
    __main_after_scatterload                 0x08000191   Thumb Code     0  entry5.o(.ARM.Collect$$$$00000004)
    _main_clock                              0x08000191   Thumb Code     0  entry7b.o(.ARM.Collect$$$$00000008)
    _main_cpp_init                           0x08000191   Thumb Code     0  entry8b.o(.ARM.Collect$$$$0000000A)
    _main_init                               0x08000191   Thumb Code     0  entry9a.o(.ARM.Collect$$$$0000000B)
    __rt_final_cpp                           0x08000199   Thumb Code     0  entry10a.o(.ARM.Collect$$$$0000000D)
    __rt_final_exit                          0x08000199   Thumb Code     0  entry11a.o(.ARM.Collect$$$$0000000F)
    SVC_Handler                              0x0800019d   Thumb Code    28  port.o(.emb_text)
    __asm___6_port_c_39a90d8d__prvStartFirstTask 0x080001bd   Thumb Code    28  port.o(.emb_text)
    __asm___6_port_c_39a90d8d__prvEnableVFP  0x080001dd   Thumb Code    16  port.o(.emb_text)
    PendSV_Handler                           0x080001f1   Thumb Code    92  port.o(.emb_text)
    vPortGetIPSR                             0x08000251   Thumb Code     6  port.o(.emb_text)
    Reset_Handler                            0x08000259   Thumb Code     8  startup_stm32f407xx.o(.text)
    ADC_IRQHandler                           0x08000273   Thumb Code     0  startup_stm32f407xx.o(.text)
    CAN1_RX0_IRQHandler                      0x08000273   Thumb Code     0  startup_stm32f407xx.o(.text)
    CAN1_RX1_IRQHandler                      0x08000273   Thumb Code     0  startup_stm32f407xx.o(.text)
    CAN1_SCE_IRQHandler                      0x08000273   Thumb Code     0  startup_stm32f407xx.o(.text)
    CAN1_TX_IRQHandler                       0x08000273   Thumb Code     0  startup_stm32f407xx.o(.text)
    CAN2_RX0_IRQHandler                      0x08000273   Thumb Code     0  startup_stm32f407xx.o(.text)
    CAN2_RX1_IRQHandler                      0x08000273   Thumb Code     0  startup_stm32f407xx.o(.text)
    CAN2_SCE_IRQHandler                      0x08000273   Thumb Code     0  startup_stm32f407xx.o(.text)
    CAN2_TX_IRQHandler                       0x08000273   Thumb Code     0  startup_stm32f407xx.o(.text)
    DCMI_IRQHandler                          0x08000273   Thumb Code     0  startup_stm32f407xx.o(.text)
    DMA1_Stream0_IRQHandler                  0x08000273   Thumb Code     0  startup_stm32f407xx.o(.text)
    DMA1_Stream1_IRQHandler                  0x08000273   Thumb Code     0  startup_stm32f407xx.o(.text)
    DMA1_Stream2_IRQHandler                  0x08000273   Thumb Code     0  startup_stm32f407xx.o(.text)
    DMA1_Stream3_IRQHandler                  0x08000273   Thumb Code     0  startup_stm32f407xx.o(.text)
    DMA1_Stream4_IRQHandler                  0x08000273   Thumb Code     0  startup_stm32f407xx.o(.text)
    DMA1_Stream5_IRQHandler                  0x08000273   Thumb Code     0  startup_stm32f407xx.o(.text)
    DMA1_Stream6_IRQHandler                  0x08000273   Thumb Code     0  startup_stm32f407xx.o(.text)
    DMA1_Stream7_IRQHandler                  0x08000273   Thumb Code     0  startup_stm32f407xx.o(.text)
    DMA2_Stream0_IRQHandler                  0x08000273   Thumb Code     0  startup_stm32f407xx.o(.text)
    DMA2_Stream1_IRQHandler                  0x08000273   Thumb Code     0  startup_stm32f407xx.o(.text)
    DMA2_Stream2_IRQHandler                  0x08000273   Thumb Code     0  startup_stm32f407xx.o(.text)
    DMA2_Stream3_IRQHandler                  0x08000273   Thumb Code     0  startup_stm32f407xx.o(.text)
    DMA2_Stream4_IRQHandler                  0x08000273   Thumb Code     0  startup_stm32f407xx.o(.text)
    DMA2_Stream5_IRQHandler                  0x08000273   Thumb Code     0  startup_stm32f407xx.o(.text)
    DMA2_Stream6_IRQHandler                  0x08000273   Thumb Code     0  startup_stm32f407xx.o(.text)
    DMA2_Stream7_IRQHandler                  0x08000273   Thumb Code     0  startup_stm32f407xx.o(.text)
    ETH_IRQHandler                           0x08000273   Thumb Code     0  startup_stm32f407xx.o(.text)
    ETH_WKUP_IRQHandler                      0x08000273   Thumb Code     0  startup_stm32f407xx.o(.text)
    EXTI0_IRQHandler                         0x08000273   Thumb Code     0  startup_stm32f407xx.o(.text)
    EXTI15_10_IRQHandler                     0x08000273   Thumb Code     0  startup_stm32f407xx.o(.text)
    EXTI1_IRQHandler                         0x08000273   Thumb Code     0  startup_stm32f407xx.o(.text)
    EXTI2_IRQHandler                         0x08000273   Thumb Code     0  startup_stm32f407xx.o(.text)
    EXTI3_IRQHandler                         0x08000273   Thumb Code     0  startup_stm32f407xx.o(.text)
    EXTI4_IRQHandler                         0x08000273   Thumb Code     0  startup_stm32f407xx.o(.text)
    EXTI9_5_IRQHandler                       0x08000273   Thumb Code     0  startup_stm32f407xx.o(.text)
    FLASH_IRQHandler                         0x08000273   Thumb Code     0  startup_stm32f407xx.o(.text)
    FMC_IRQHandler                           0x08000273   Thumb Code     0  startup_stm32f407xx.o(.text)
    FPU_IRQHandler                           0x08000273   Thumb Code     0  startup_stm32f407xx.o(.text)
    HASH_RNG_IRQHandler                      0x08000273   Thumb Code     0  startup_stm32f407xx.o(.text)
    I2C1_ER_IRQHandler                       0x08000273   Thumb Code     0  startup_stm32f407xx.o(.text)
    I2C1_EV_IRQHandler                       0x08000273   Thumb Code     0  startup_stm32f407xx.o(.text)
    I2C2_ER_IRQHandler                       0x08000273   Thumb Code     0  startup_stm32f407xx.o(.text)
    I2C2_EV_IRQHandler                       0x08000273   Thumb Code     0  startup_stm32f407xx.o(.text)
    I2C3_ER_IRQHandler                       0x08000273   Thumb Code     0  startup_stm32f407xx.o(.text)
    I2C3_EV_IRQHandler                       0x08000273   Thumb Code     0  startup_stm32f407xx.o(.text)
    OTG_FS_IRQHandler                        0x08000273   Thumb Code     0  startup_stm32f407xx.o(.text)
    OTG_FS_WKUP_IRQHandler                   0x08000273   Thumb Code     0  startup_stm32f407xx.o(.text)
    OTG_HS_EP1_IN_IRQHandler                 0x08000273   Thumb Code     0  startup_stm32f407xx.o(.text)
    OTG_HS_EP1_OUT_IRQHandler                0x08000273   Thumb Code     0  startup_stm32f407xx.o(.text)
    OTG_HS_IRQHandler                        0x08000273   Thumb Code     0  startup_stm32f407xx.o(.text)
    OTG_HS_WKUP_IRQHandler                   0x08000273   Thumb Code     0  startup_stm32f407xx.o(.text)
    PVD_IRQHandler                           0x08000273   Thumb Code     0  startup_stm32f407xx.o(.text)
    RCC_IRQHandler                           0x08000273   Thumb Code     0  startup_stm32f407xx.o(.text)
    RTC_Alarm_IRQHandler                     0x08000273   Thumb Code     0  startup_stm32f407xx.o(.text)
    RTC_WKUP_IRQHandler                      0x08000273   Thumb Code     0  startup_stm32f407xx.o(.text)
    SDIO_IRQHandler                          0x08000273   Thumb Code     0  startup_stm32f407xx.o(.text)
    SPI1_IRQHandler                          0x08000273   Thumb Code     0  startup_stm32f407xx.o(.text)
    SPI2_IRQHandler                          0x08000273   Thumb Code     0  startup_stm32f407xx.o(.text)
    SPI3_IRQHandler                          0x08000273   Thumb Code     0  startup_stm32f407xx.o(.text)
    TAMP_STAMP_IRQHandler                    0x08000273   Thumb Code     0  startup_stm32f407xx.o(.text)
    TIM1_BRK_TIM9_IRQHandler                 0x08000273   Thumb Code     0  startup_stm32f407xx.o(.text)
    TIM1_CC_IRQHandler                       0x08000273   Thumb Code     0  startup_stm32f407xx.o(.text)
    TIM1_TRG_COM_TIM11_IRQHandler            0x08000273   Thumb Code     0  startup_stm32f407xx.o(.text)
    TIM2_IRQHandler                          0x08000273   Thumb Code     0  startup_stm32f407xx.o(.text)
    TIM3_IRQHandler                          0x08000273   Thumb Code     0  startup_stm32f407xx.o(.text)
    TIM4_IRQHandler                          0x08000273   Thumb Code     0  startup_stm32f407xx.o(.text)
    TIM5_IRQHandler                          0x08000273   Thumb Code     0  startup_stm32f407xx.o(.text)
    TIM6_DAC_IRQHandler                      0x08000273   Thumb Code     0  startup_stm32f407xx.o(.text)
    TIM7_IRQHandler                          0x08000273   Thumb Code     0  startup_stm32f407xx.o(.text)
    TIM8_BRK_TIM12_IRQHandler                0x08000273   Thumb Code     0  startup_stm32f407xx.o(.text)
    TIM8_CC_IRQHandler                       0x08000273   Thumb Code     0  startup_stm32f407xx.o(.text)
    TIM8_TRG_COM_TIM14_IRQHandler            0x08000273   Thumb Code     0  startup_stm32f407xx.o(.text)
    TIM8_UP_TIM13_IRQHandler                 0x08000273   Thumb Code     0  startup_stm32f407xx.o(.text)
    UART4_IRQHandler                         0x08000273   Thumb Code     0  startup_stm32f407xx.o(.text)
    UART5_IRQHandler                         0x08000273   Thumb Code     0  startup_stm32f407xx.o(.text)
    USART1_IRQHandler                        0x08000273   Thumb Code     0  startup_stm32f407xx.o(.text)
    USART2_IRQHandler                        0x08000273   Thumb Code     0  startup_stm32f407xx.o(.text)
    USART6_IRQHandler                        0x08000273   Thumb Code     0  startup_stm32f407xx.o(.text)
    WWDG_IRQHandler                          0x08000273   Thumb Code     0  startup_stm32f407xx.o(.text)
    __aeabi_uldivmod                         0x0800027d   Thumb Code    98  uldiv.o(.text)
    __aeabi_memcpy                           0x080002df   Thumb Code    36  memcpya.o(.text)
    __aeabi_memcpy4                          0x080002df   Thumb Code     0  memcpya.o(.text)
    __aeabi_memcpy8                          0x080002df   Thumb Code     0  memcpya.o(.text)
    __aeabi_llsl                             0x08000303   Thumb Code    30  llshl.o(.text)
    _ll_shift_l                              0x08000303   Thumb Code     0  llshl.o(.text)
    __aeabi_llsr                             0x08000321   Thumb Code    32  llushr.o(.text)
    _ll_ushift_r                             0x08000321   Thumb Code     0  llushr.o(.text)
    __scatterload                            0x08000341   Thumb Code    28  init.o(.text)
    __scatterload_rt2                        0x08000341   Thumb Code     0  init.o(.text)
    __decompress                             0x08000365   Thumb Code     0  __dczerorl2.o(.text)
    __decompress1                            0x08000365   Thumb Code    86  __dczerorl2.o(.text)
    AT_AP_mode_init                          0x080003bd   Thumb Code   122  at_init.o(i.AT_AP_mode_init)
    AT_check_status                          0x08000441   Thumb Code    68  at_init.o(i.AT_check_status)
    BusFault_Handler                         0x08000495   Thumb Code     2  stm32f4xx_it.o(i.BusFault_Handler)
    DebugMon_Handler                         0x08000497   Thumb Code     2  stm32f4xx_it.o(i.DebugMon_Handler)
    HAL_DMA_Abort_IT                         0x08000499   Thumb Code    36  stm32f4xx_hal_dma.o(i.HAL_DMA_Abort_IT)
    HAL_Delay                                0x080004bd   Thumb Code    32  stm32f4xx_hal.o(i.HAL_Delay)
    HAL_GPIO_Init                            0x080004e1   Thumb Code   388  stm32f4xx_hal_gpio.o(i.HAL_GPIO_Init)
    HAL_GPIO_TogglePin                       0x08000691   Thumb Code     8  stm32f4xx_hal_gpio.o(i.HAL_GPIO_TogglePin)
    HAL_GPIO_WritePin                        0x08000699   Thumb Code    10  stm32f4xx_hal_gpio.o(i.HAL_GPIO_WritePin)
    HAL_GetTick                              0x080006a5   Thumb Code     6  stm32f4xx_hal.o(i.HAL_GetTick)
    HAL_I2C_Init                             0x080006b1   Thumb Code   254  stm32f4xx_hal_i2c.o(i.HAL_I2C_Init)
    HAL_I2C_Master_Receive                   0x080007b9   Thumb Code   474  stm32f4xx_hal_i2c.o(i.HAL_I2C_Master_Receive)
    HAL_I2C_Master_Transmit                  0x080009a1   Thumb Code   304  stm32f4xx_hal_i2c.o(i.HAL_I2C_Master_Transmit)
    HAL_I2C_MspInit                          0x08000ad9   Thumb Code    62  stm32f4xx_hal_msp.o(i.HAL_I2C_MspInit)
    HAL_IncTick                              0x08000b25   Thumb Code    12  stm32f4xx_hal.o(i.HAL_IncTick)
    HAL_Init                                 0x08000b35   Thumb Code    48  stm32f4xx_hal.o(i.HAL_Init)
    HAL_InitTick                             0x08000b69   Thumb Code   100  stm32f4xx_hal_timebase_tim.o(i.HAL_InitTick)
    HAL_MspInit                              0x08000bdd   Thumb Code   126  stm32f4xx_hal_msp.o(i.HAL_MspInit)
    HAL_NVIC_EnableIRQ                       0x08000c61   Thumb Code    22  stm32f4xx_hal_cortex.o(i.HAL_NVIC_EnableIRQ)
    HAL_NVIC_SetPriority                     0x08000c79   Thumb Code    60  stm32f4xx_hal_cortex.o(i.HAL_NVIC_SetPriority)
    HAL_NVIC_SetPriorityGrouping             0x08000cb9   Thumb Code    26  stm32f4xx_hal_cortex.o(i.HAL_NVIC_SetPriorityGrouping)
    HAL_RCC_ClockConfig                      0x08000cdd   Thumb Code   286  stm32f4xx_hal_rcc.o(i.HAL_RCC_ClockConfig)
    HAL_RCC_GetClockConfig                   0x08000e0d   Thumb Code    54  stm32f4xx_hal_rcc.o(i.HAL_RCC_GetClockConfig)
    HAL_RCC_GetHCLKFreq                      0x08000e4d   Thumb Code     6  stm32f4xx_hal_rcc.o(i.HAL_RCC_GetHCLKFreq)
    HAL_RCC_GetPCLK1Freq                     0x08000e59   Thumb Code    20  stm32f4xx_hal_rcc.o(i.HAL_RCC_GetPCLK1Freq)
    HAL_RCC_GetPCLK2Freq                     0x08000e79   Thumb Code    20  stm32f4xx_hal_rcc.o(i.HAL_RCC_GetPCLK2Freq)
    HAL_RCC_GetSysClockFreq                  0x08000e99   Thumb Code    88  stm32f4xx_hal_rcc.o(i.HAL_RCC_GetSysClockFreq)
    HAL_RCC_OscConfig                        0x08000ef9   Thumb Code   770  stm32f4xx_hal_rcc.o(i.HAL_RCC_OscConfig)
    HAL_SYSTICK_CLKSourceConfig              0x08001215   Thumb Code    24  stm32f4xx_hal_cortex.o(i.HAL_SYSTICK_CLKSourceConfig)
    HAL_SYSTICK_Config                       0x0800122d   Thumb Code    40  stm32f4xx_hal_cortex.o(i.HAL_SYSTICK_Config)
    HAL_TIMEx_BreakCallback                  0x08001255   Thumb Code     2  stm32f4xx_hal_tim_ex.o(i.HAL_TIMEx_BreakCallback)
    HAL_TIMEx_CommutationCallback            0x08001257   Thumb Code     2  stm32f4xx_hal_tim_ex.o(i.HAL_TIMEx_CommutationCallback)
    HAL_TIM_Base_Init                        0x08001259   Thumb Code    54  stm32f4xx_hal_tim.o(i.HAL_TIM_Base_Init)
    HAL_TIM_Base_MspInit                     0x0800128f   Thumb Code     2  stm32f4xx_hal_tim.o(i.HAL_TIM_Base_MspInit)
    HAL_TIM_Base_Start_IT                    0x08001291   Thumb Code    24  stm32f4xx_hal_tim.o(i.HAL_TIM_Base_Start_IT)
    HAL_TIM_IC_CaptureCallback               0x080012a9   Thumb Code     2  stm32f4xx_hal_tim.o(i.HAL_TIM_IC_CaptureCallback)
    HAL_TIM_IRQHandler                       0x080012ab   Thumb Code   358  stm32f4xx_hal_tim.o(i.HAL_TIM_IRQHandler)
    HAL_TIM_OC_DelayElapsedCallback          0x08001411   Thumb Code     2  stm32f4xx_hal_tim.o(i.HAL_TIM_OC_DelayElapsedCallback)
    HAL_TIM_PWM_PulseFinishedCallback        0x08001413   Thumb Code     2  stm32f4xx_hal_tim.o(i.HAL_TIM_PWM_PulseFinishedCallback)
    HAL_TIM_PeriodElapsedCallback            0x08001415   Thumb Code    14  main.o(i.HAL_TIM_PeriodElapsedCallback)
    HAL_TIM_TriggerCallback                  0x08001429   Thumb Code     2  stm32f4xx_hal_tim.o(i.HAL_TIM_TriggerCallback)
    HAL_UART_ErrorCallback                   0x0800142b   Thumb Code     2  stm32f4xx_hal_uart.o(i.HAL_UART_ErrorCallback)
    HAL_UART_IRQHandler                      0x0800142d   Thumb Code   266  stm32f4xx_hal_uart.o(i.HAL_UART_IRQHandler)
    HAL_UART_Init                            0x0800153d   Thumb Code    98  stm32f4xx_hal_uart.o(i.HAL_UART_Init)
    HAL_UART_MspInit                         0x080015a1   Thumb Code    80  stm32f4xx_hal_msp.o(i.HAL_UART_MspInit)
    HAL_UART_Receive                         0x080015fd   Thumb Code   184  stm32f4xx_hal_uart.o(i.HAL_UART_Receive)
    HAL_UART_Receive_IT                      0x080016b5   Thumb Code    72  stm32f4xx_hal_uart.o(i.HAL_UART_Receive_IT)
    HAL_UART_RxCpltCallback                  0x080016fd   Thumb Code    18  main.o(i.HAL_UART_RxCpltCallback)
    HAL_UART_Transmit                        0x08001715   Thumb Code   186  stm32f4xx_hal_uart.o(i.HAL_UART_Transmit)
    HAL_UART_TxCpltCallback                  0x080017cf   Thumb Code     2  stm32f4xx_hal_uart.o(i.HAL_UART_TxCpltCallback)
    HardFault_Handler                        0x080017d1   Thumb Code     2  stm32f4xx_it.o(i.HardFault_Handler)
    I2C_get_data                             0x08001b55   Thumb Code    32  locator.o(i.I2C_get_data)
    I2C_start_metering                       0x08001b7d   Thumb Code    28  locator.o(i.I2C_start_metering)
    MemManage_Handler                        0x08001c4d   Thumb Code     2  stm32f4xx_it.o(i.MemManage_Handler)
    NMI_Handler                              0x08001c4f   Thumb Code     2  stm32f4xx_it.o(i.NMI_Handler)
    StartDefaultTask                         0x08001c71   Thumb Code    44  main.o(i.StartDefaultTask)
    StartTask02                              0x08001ca1   Thumb Code    36  main.o(i.StartTask02)
    StartTask03                              0x08001cc9   Thumb Code     8  main.o(i.StartTask03)
    SysTick_Handler                          0x08001cd1   Thumb Code     4  stm32f4xx_it.o(i.SysTick_Handler)
    SystemClock_Config                       0x08001cd5   Thumb Code   152  main.o(i.SystemClock_Config)
    SystemInit                               0x08001d75   Thumb Code    66  system_stm32f4xx.o(i.SystemInit)
    TIM1_UP_TIM10_IRQHandler                 0x08001dc9   Thumb Code     6  stm32f4xx_it.o(i.TIM1_UP_TIM10_IRQHandler)
    TIM_Base_SetConfig                       0x08001dd5   Thumb Code   148  stm32f4xx_hal_tim.o(i.TIM_Base_SetConfig)
    USART3_IRQHandler                        0x080022c1   Thumb Code     6  stm32f4xx_it.o(i.USART3_IRQHandler)
    UsageFault_Handler                       0x080022cd   Thumb Code     2  stm32f4xx_it.o(i.UsageFault_Handler)
    __scatterload_copy                       0x080022cf   Thumb Code    14  handlers.o(i.__scatterload_copy)
    __scatterload_null                       0x080022dd   Thumb Code     2  handlers.o(i.__scatterload_null)
    __scatterload_zeroinit                   0x080022df   Thumb Code    14  handlers.o(i.__scatterload_zeroinit)
    main                                     0x080022f9   Thumb Code   170  main.o(i.main)
    osDelay                                  0x080023c1   Thumb Code    14  cmsis_os.o(i.osDelay)
    osKernelStart                            0x080023cf   Thumb Code    10  cmsis_os.o(i.osKernelStart)
    osMessageCreate                          0x080023d9   Thumb Code     8  cmsis_os.o(i.osMessageCreate)
    osMessageGet                             0x080023e1   Thumb Code   146  cmsis_os.o(i.osMessageGet)
    osMessagePut                             0x08002479   Thumb Code    86  cmsis_os.o(i.osMessagePut)
    osSemaphoreCreate                        0x080024d5   Thumb Code    38  cmsis_os.o(i.osSemaphoreCreate)
    osSystickHandler                         0x080024fb   Thumb Code    20  cmsis_os.o(i.osSystickHandler)
    osThreadCreate                           0x0800250f   Thumb Code    46  cmsis_os.o(i.osThreadCreate)
    pvPortMalloc                             0x08002995   Thumb Code   210  heap_4.o(i.pvPortMalloc)
    pvTaskIncrementMutexHeldCount            0x08002a6d   Thumb Code    18  tasks.o(i.pvTaskIncrementMutexHeldCount)
    pxPortInitialiseStack                    0x08002a85   Thumb Code    40  port.o(i.pxPortInitialiseStack)
    uxListRemove                             0x08002ab1   Thumb Code    36  list.o(i.uxListRemove)
    vListInitialise                          0x08002ad5   Thumb Code    22  list.o(i.vListInitialise)
    vListInitialiseItem                      0x08002aeb   Thumb Code     6  list.o(i.vListInitialiseItem)
    vListInsert                              0x08002af1   Thumb Code    48  list.o(i.vListInsert)
    vListInsertEnd                           0x08002b21   Thumb Code    24  list.o(i.vListInsertEnd)
    vPortEnterCritical                       0x08002b39   Thumb Code    54  port.o(i.vPortEnterCritical)
    vPortExitCritical                        0x08002b79   Thumb Code    34  port.o(i.vPortExitCritical)
    vPortFree                                0x08002ba1   Thumb Code    88  heap_4.o(i.vPortFree)
    vPortSetupTimerInterrupt                 0x08002bfd   Thumb Code    26  port.o(i.vPortSetupTimerInterrupt)
    vPortValidateInterruptPriority           0x08002c1d   Thumb Code    74  port.o(i.vPortValidateInterruptPriority)
    vTaskDelay                               0x08002c71   Thumb Code    66  tasks.o(i.vTaskDelay)
    vTaskMissedYield                         0x08002cbd   Thumb Code     8  tasks.o(i.vTaskMissedYield)
    vTaskPlaceOnEventList                    0x08002cc9   Thumb Code    44  tasks.o(i.vTaskPlaceOnEventList)
    vTaskPriorityInherit                     0x08002cf9   Thumb Code   124  tasks.o(i.vTaskPriorityInherit)
    vTaskSetTimeOutState                     0x08002d7d   Thumb Code    30  tasks.o(i.vTaskSetTimeOutState)
    vTaskStartScheduler                      0x08002da1   Thumb Code    88  tasks.o(i.vTaskStartScheduler)
    vTaskSuspendAll                          0x08002e09   Thumb Code    10  tasks.o(i.vTaskSuspendAll)
    vTaskSwitchContext                       0x08002e19   Thumb Code    82  tasks.o(i.vTaskSwitchContext)
    xPortStartScheduler                      0x08002e75   Thumb Code   202  port.o(i.xPortStartScheduler)
    xPortSysTickHandler                      0x08002f55   Thumb Code    38  port.o(i.xPortSysTickHandler)
    xQueueGenericCreate                      0x08002f81   Thumb Code    72  queue.o(i.xQueueGenericCreate)
    xQueueGenericReceive                     0x08002fc9   Thumb Code   360  queue.o(i.xQueueGenericReceive)
    xQueueGenericReset                       0x08003135   Thumb Code   132  queue.o(i.xQueueGenericReset)
    xQueueGenericSend                        0x080031bd   Thumb Code   346  queue.o(i.xQueueGenericSend)
    xQueueGenericSendFromISR                 0x0800331d   Thumb Code   188  queue.o(i.xQueueGenericSendFromISR)
    xQueueReceiveFromISR                     0x080033d9   Thumb Code   154  queue.o(i.xQueueReceiveFromISR)
    xTaskCheckForTimeOut                     0x08003475   Thumb Code   102  tasks.o(i.xTaskCheckForTimeOut)
    xTaskCreate                              0x080034e1   Thumb Code    86  tasks.o(i.xTaskCreate)
    xTaskGetSchedulerState                   0x08003539   Thumb Code    22  tasks.o(i.xTaskGetSchedulerState)
    xTaskIncrementTick                       0x08003555   Thumb Code   192  tasks.o(i.xTaskIncrementTick)
    xTaskPriorityDisinherit                  0x0800361d   Thumb Code   144  tasks.o(i.xTaskPriorityDisinherit)
    xTaskRemoveFromEventList                 0x080036b5   Thumb Code   108  tasks.o(i.xTaskRemoveFromEventList)
    xTaskResumeAll                           0x08003729   Thumb Code   182  tasks.o(i.xTaskResumeAll)
    AHBPrescTable                            0x08003830   Data          16  system_stm32f4xx.o(.constdata)
    APBPrescTable                            0x08003840   Data           8  system_stm32f4xx.o(.constdata)
    Region$$Table$$Base                      0x0800386c   Number         0  anon$$obj.o(Region$$Table)
    Region$$Table$$Limit                     0x0800388c   Number         0  anon$$obj.o(Region$$Table)
    I2C_buffer                               0x20000000   Data           2  locator.o(.data)
    address                                  0x20000004   Data           1  main.o(.data)
    task_i2cHandle                           0x20000008   Data           4  main.o(.data)
    task_uartHandle                          0x2000000c   Data           4  main.o(.data)
    myTask03Handle                           0x20000010   Data           4  main.o(.data)
    myQueue01Handle                          0x20000014   Data           4  main.o(.data)
    myBinarySem01Handle                      0x20000018   Data           4  main.o(.data)
    AT                                       0x2000001c   Data         266  at_init.o(.data)
    uwTickFreq                               0x20000128   Data           1  stm32f4xx_hal.o(.data)
    uwTickPrio                               0x2000012c   Data           4  stm32f4xx_hal.o(.data)
    uwTick                                   0x20000130   Data           4  stm32f4xx_hal.o(.data)
    SystemCoreClock                          0x20000134   Data           4  system_stm32f4xx.o(.data)
    pxCurrentTCB                             0x2000015c   Data           4  tasks.o(.data)
    hi2c1                                    0x20000198   Data          84  main.o(.bss)
    huart3                                   0x200001ec   Data          64  main.o(.bss)
    buf_usart                                0x2000022c   Data          40  main.o(.bss)
    htim1                                    0x20000254   Data          60  stm32f4xx_hal_timebase_tim.o(.bss)
    __initial_sp                             0x20004380   Data           0  startup_stm32f407xx.o(STACK)



==============================================================================

Memory Map of the image

  Image Entry point : 0x08000189

  Load Region LR_IROM1 (Base: 0x08000000, Size: 0x00003a24, Max: 0x00100000, ABSOLUTE, COMPRESSED[0x00003924])

    Execution Region ER_IROM1 (Exec base: 0x08000000, Load base: 0x08000000, Size: 0x0000388c, Max: 0x00100000, ABSOLUTE)

    Exec Addr    Load Addr    Size         Type   Attr      Idx    E Section Name        Object

    0x08000000   0x08000000   0x00000188   Data   RO            3    RESET               startup_stm32f407xx.o
    0x08000188   0x08000188   0x00000000   Code   RO         4305  * .ARM.Collect$$$$00000000  mc_w.l(entry.o)
    0x08000188   0x08000188   0x00000004   Code   RO         4314    .ARM.Collect$$$$00000001  mc_w.l(entry2.o)
    0x0800018c   0x0800018c   0x00000004   Code   RO         4317    .ARM.Collect$$$$00000004  mc_w.l(entry5.o)
    0x08000190   0x08000190   0x00000000   Code   RO         4319    .ARM.Collect$$$$00000008  mc_w.l(entry7b.o)
    0x08000190   0x08000190   0x00000000   Code   RO         4321    .ARM.Collect$$$$0000000A  mc_w.l(entry8b.o)
    0x08000190   0x08000190   0x00000008   Code   RO         4322    .ARM.Collect$$$$0000000B  mc_w.l(entry9a.o)
    0x08000198   0x08000198   0x00000000   Code   RO         4324    .ARM.Collect$$$$0000000D  mc_w.l(entry10a.o)
    0x08000198   0x08000198   0x00000000   Code   RO         4326    .ARM.Collect$$$$0000000F  mc_w.l(entry11a.o)
    0x08000198   0x08000198   0x00000004   Code   RO         4315    .ARM.Collect$$$$00002712  mc_w.l(entry2.o)
    0x0800019c   0x0800019c   0x000000ba   Code   RO         3309    .emb_text           port.o
    0x08000256   0x08000256   0x00000002   PAD
    0x08000258   0x08000258   0x00000024   Code   RO            4    .text               startup_stm32f407xx.o
    0x0800027c   0x0800027c   0x00000062   Code   RO         4308    .text               mc_w.l(uldiv.o)
    0x080002de   0x080002de   0x00000024   Code   RO         4310    .text               mc_w.l(memcpya.o)
    0x08000302   0x08000302   0x0000001e   Code   RO         4328    .text               mc_w.l(llshl.o)
    0x08000320   0x08000320   0x00000020   Code   RO         4330    .text               mc_w.l(llushr.o)
    0x08000340   0x08000340   0x00000024   Code   RO         4332    .text               mc_w.l(init.o)
    0x08000364   0x08000364   0x00000056   Code   RO         4342    .text               mc_w.l(__dczerorl2.o)
    0x080003ba   0x080003ba   0x00000002   PAD
    0x080003bc   0x080003bc   0x00000084   Code   RO          491    i.AT_AP_mode_init   at_init.o
    0x08000440   0x08000440   0x00000054   Code   RO          492    i.AT_check_status   at_init.o
    0x08000494   0x08000494   0x00000002   Code   RO          327    i.BusFault_Handler  stm32f4xx_it.o
    0x08000496   0x08000496   0x00000002   Code   RO          328    i.DebugMon_Handler  stm32f4xx_it.o
    0x08000498   0x08000498   0x00000024   Code   RO         2615    i.HAL_DMA_Abort_IT  stm32f4xx_hal_dma.o
    0x080004bc   0x080004bc   0x00000024   Code   RO         3033    i.HAL_Delay         stm32f4xx_hal.o
    0x080004e0   0x080004e0   0x000001b0   Code   RO         2507    i.HAL_GPIO_Init     stm32f4xx_hal_gpio.o
    0x08000690   0x08000690   0x00000008   Code   RO         2510    i.HAL_GPIO_TogglePin  stm32f4xx_hal_gpio.o
    0x08000698   0x08000698   0x0000000a   Code   RO         2511    i.HAL_GPIO_WritePin  stm32f4xx_hal_gpio.o
    0x080006a2   0x080006a2   0x00000002   PAD
    0x080006a4   0x080006a4   0x0000000c   Code   RO         3039    i.HAL_GetTick       stm32f4xx_hal.o
    0x080006b0   0x080006b0   0x00000108   Code   RO          542    i.HAL_I2C_Init      stm32f4xx_hal_i2c.o
    0x080007b8   0x080007b8   0x000001e8   Code   RO          548    i.HAL_I2C_Master_Receive  stm32f4xx_hal_i2c.o
    0x080009a0   0x080009a0   0x00000138   Code   RO          553    i.HAL_I2C_Master_Transmit  stm32f4xx_hal_i2c.o
    0x08000ad8   0x08000ad8   0x0000004c   Code   RO          404    i.HAL_I2C_MspInit   stm32f4xx_hal_msp.o
    0x08000b24   0x08000b24   0x00000010   Code   RO         3043    i.HAL_IncTick       stm32f4xx_hal.o
    0x08000b34   0x08000b34   0x00000034   Code   RO         3044    i.HAL_Init          stm32f4xx_hal.o
    0x08000b68   0x08000b68   0x00000074   Code   RO          451    i.HAL_InitTick      stm32f4xx_hal_timebase_tim.o
    0x08000bdc   0x08000bdc   0x00000084   Code   RO          405    i.HAL_MspInit       stm32f4xx_hal_msp.o
    0x08000c60   0x08000c60   0x00000016   Code   RO         2896    i.HAL_NVIC_EnableIRQ  stm32f4xx_hal_cortex.o
    0x08000c76   0x08000c76   0x00000002   PAD
    0x08000c78   0x08000c78   0x00000040   Code   RO         2902    i.HAL_NVIC_SetPriority  stm32f4xx_hal_cortex.o
    0x08000cb8   0x08000cb8   0x00000024   Code   RO         2903    i.HAL_NVIC_SetPriorityGrouping  stm32f4xx_hal_cortex.o
    0x08000cdc   0x08000cdc   0x00000130   Code   RO         2153    i.HAL_RCC_ClockConfig  stm32f4xx_hal_rcc.o
    0x08000e0c   0x08000e0c   0x00000040   Code   RO         2157    i.HAL_RCC_GetClockConfig  stm32f4xx_hal_rcc.o
    0x08000e4c   0x08000e4c   0x0000000c   Code   RO         2158    i.HAL_RCC_GetHCLKFreq  stm32f4xx_hal_rcc.o
    0x08000e58   0x08000e58   0x00000020   Code   RO         2160    i.HAL_RCC_GetPCLK1Freq  stm32f4xx_hal_rcc.o
    0x08000e78   0x08000e78   0x00000020   Code   RO         2161    i.HAL_RCC_GetPCLK2Freq  stm32f4xx_hal_rcc.o
    0x08000e98   0x08000e98   0x00000060   Code   RO         2162    i.HAL_RCC_GetSysClockFreq  stm32f4xx_hal_rcc.o
    0x08000ef8   0x08000ef8   0x0000031c   Code   RO         2165    i.HAL_RCC_OscConfig  stm32f4xx_hal_rcc.o
    0x08001214   0x08001214   0x00000018   Code   RO         2905    i.HAL_SYSTICK_CLKSourceConfig  stm32f4xx_hal_cortex.o
    0x0800122c   0x0800122c   0x00000028   Code   RO         2907    i.HAL_SYSTICK_Config  stm32f4xx_hal_cortex.o
    0x08001254   0x08001254   0x00000002   Code   RO         1587    i.HAL_TIMEx_BreakCallback  stm32f4xx_hal_tim_ex.o
    0x08001256   0x08001256   0x00000002   Code   RO         1588    i.HAL_TIMEx_CommutationCallback  stm32f4xx_hal_tim_ex.o
    0x08001258   0x08001258   0x00000036   Code   RO          958    i.HAL_TIM_Base_Init  stm32f4xx_hal_tim.o
    0x0800128e   0x0800128e   0x00000002   Code   RO          960    i.HAL_TIM_Base_MspInit  stm32f4xx_hal_tim.o
    0x08001290   0x08001290   0x00000018   Code   RO          963    i.HAL_TIM_Base_Start_IT  stm32f4xx_hal_tim.o
    0x080012a8   0x080012a8   0x00000002   Code   RO          987    i.HAL_TIM_IC_CaptureCallback  stm32f4xx_hal_tim.o
    0x080012aa   0x080012aa   0x00000166   Code   RO         1000    i.HAL_TIM_IRQHandler  stm32f4xx_hal_tim.o
    0x08001410   0x08001410   0x00000002   Code   RO         1003    i.HAL_TIM_OC_DelayElapsedCallback  stm32f4xx_hal_tim.o
    0x08001412   0x08001412   0x00000002   Code   RO         1030    i.HAL_TIM_PWM_PulseFinishedCallback  stm32f4xx_hal_tim.o
    0x08001414   0x08001414   0x00000014   Code   RO          179    i.HAL_TIM_PeriodElapsedCallback  main.o
    0x08001428   0x08001428   0x00000002   Code   RO         1041    i.HAL_TIM_TriggerCallback  stm32f4xx_hal_tim.o
    0x0800142a   0x0800142a   0x00000002   Code   RO         1847    i.HAL_UART_ErrorCallback  stm32f4xx_hal_uart.o
    0x0800142c   0x0800142c   0x00000110   Code   RO         1850    i.HAL_UART_IRQHandler  stm32f4xx_hal_uart.o
    0x0800153c   0x0800153c   0x00000062   Code   RO         1851    i.HAL_UART_Init     stm32f4xx_hal_uart.o
    0x0800159e   0x0800159e   0x00000002   PAD
    0x080015a0   0x080015a0   0x0000005c   Code   RO          407    i.HAL_UART_MspInit  stm32f4xx_hal_msp.o
    0x080015fc   0x080015fc   0x000000b8   Code   RO         1854    i.HAL_UART_Receive  stm32f4xx_hal_uart.o
    0x080016b4   0x080016b4   0x00000048   Code   RO         1856    i.HAL_UART_Receive_IT  stm32f4xx_hal_uart.o
    0x080016fc   0x080016fc   0x00000018   Code   RO          180    i.HAL_UART_RxCpltCallback  main.o
    0x08001714   0x08001714   0x000000ba   Code   RO         1859    i.HAL_UART_Transmit  stm32f4xx_hal_uart.o
    0x080017ce   0x080017ce   0x00000002   Code   RO         1862    i.HAL_UART_TxCpltCallback  stm32f4xx_hal_uart.o
    0x080017d0   0x080017d0   0x00000002   Code   RO          329    i.HardFault_Handler  stm32f4xx_it.o
    0x080017d2   0x080017d2   0x00000028   Code   RO          580    i.I2C_IsAcknowledgeFailed  stm32f4xx_hal_i2c.o
    0x080017fa   0x080017fa   0x000000de   Code   RO          583    i.I2C_MasterRequestRead  stm32f4xx_hal_i2c.o
    0x080018d8   0x080018d8   0x00000094   Code   RO          584    i.I2C_MasterRequestWrite  stm32f4xx_hal_i2c.o
    0x0800196c   0x0800196c   0x0000004e   Code   RO          593    i.I2C_WaitOnBTFFlagUntilTimeout  stm32f4xx_hal_i2c.o
    0x080019ba   0x080019ba   0x00000060   Code   RO          594    i.I2C_WaitOnFlagUntilTimeout  stm32f4xx_hal_i2c.o
    0x08001a1a   0x08001a1a   0x00000002   PAD
    0x08001a1c   0x08001a1c   0x00000088   Code   RO          595    i.I2C_WaitOnMasterAddressFlagUntilTimeout  stm32f4xx_hal_i2c.o
    0x08001aa4   0x08001aa4   0x00000062   Code   RO          596    i.I2C_WaitOnRXNEFlagUntilTimeout  stm32f4xx_hal_i2c.o
    0x08001b06   0x08001b06   0x0000004e   Code   RO          597    i.I2C_WaitOnTXEFlagUntilTimeout  stm32f4xx_hal_i2c.o
    0x08001b54   0x08001b54   0x00000028   Code   RO           13    i.I2C_get_data      locator.o
    0x08001b7c   0x08001b7c   0x00000020   Code   RO           14    i.I2C_start_metering  locator.o
    0x08001b9c   0x08001b9c   0x00000078   Code   RO          181    i.MX_GPIO_Init      main.o
    0x08001c14   0x08001c14   0x00000038   Code   RO          182    i.MX_I2C1_Init      main.o
    0x08001c4c   0x08001c4c   0x00000002   Code   RO          330    i.MemManage_Handler  stm32f4xx_it.o
    0x08001c4e   0x08001c4e   0x00000002   Code   RO          331    i.NMI_Handler       stm32f4xx_it.o
    0x08001c50   0x08001c50   0x00000020   Code   RO         2909    i.NVIC_SetPriority  stm32f4xx_hal_cortex.o
    0x08001c70   0x08001c70   0x00000030   Code   RO          183    i.StartDefaultTask  main.o
    0x08001ca0   0x08001ca0   0x00000028   Code   RO          184    i.StartTask02       main.o
    0x08001cc8   0x08001cc8   0x00000008   Code   RO          185    i.StartTask03       main.o
    0x08001cd0   0x08001cd0   0x00000004   Code   RO          332    i.SysTick_Handler   stm32f4xx_it.o
    0x08001cd4   0x08001cd4   0x000000a0   Code   RO          186    i.SystemClock_Config  main.o
    0x08001d74   0x08001d74   0x00000054   Code   RO         3198    i.SystemInit        system_stm32f4xx.o
    0x08001dc8   0x08001dc8   0x0000000c   Code   RO          333    i.TIM1_UP_TIM10_IRQHandler  stm32f4xx_it.o
    0x08001dd4   0x08001dd4   0x000000c0   Code   RO         1042    i.TIM_Base_SetConfig  stm32f4xx_hal_tim.o
    0x08001e94   0x08001e94   0x00000010   Code   RO         1864    i.UART_DMAAbortOnError  stm32f4xx_hal_uart.o
    0x08001ea4   0x08001ea4   0x0000001c   Code   RO         1874    i.UART_EndRxTransfer  stm32f4xx_hal_uart.o
    0x08001ec0   0x08001ec0   0x0000008c   Code   RO         1876    i.UART_Receive_IT   stm32f4xx_hal_uart.o
    0x08001f4c   0x08001f4c   0x000002ac   Code   RO         1877    i.UART_SetConfig    stm32f4xx_hal_uart.o
    0x080021f8   0x080021f8   0x00000062   Code   RO         1878    i.UART_Transmit_IT  stm32f4xx_hal_uart.o
    0x0800225a   0x0800225a   0x00000064   Code   RO         1879    i.UART_WaitOnFlagUntilTimeout  stm32f4xx_hal_uart.o
    0x080022be   0x080022be   0x00000002   PAD
    0x080022c0   0x080022c0   0x0000000c   Code   RO          334    i.USART3_IRQHandler  stm32f4xx_it.o
    0x080022cc   0x080022cc   0x00000002   Code   RO          335    i.UsageFault_Handler  stm32f4xx_it.o
    0x080022ce   0x080022ce   0x0000000e   Code   RO         4336    i.__scatterload_copy  mc_w.l(handlers.o)
    0x080022dc   0x080022dc   0x00000002   Code   RO         4337    i.__scatterload_null  mc_w.l(handlers.o)
    0x080022de   0x080022de   0x0000000e   Code   RO         4338    i.__scatterload_zeroinit  mc_w.l(handlers.o)
    0x080022ec   0x080022ec   0x0000000c   Code   RO         3939    i.inHandlerMode     cmsis_os.o
    0x080022f8   0x080022f8   0x000000bc   Code   RO          188    i.main              main.o
    0x080023b4   0x080023b4   0x0000000c   Code   RO         3941    i.makeFreeRtosPriority  cmsis_os.o
    0x080023c0   0x080023c0   0x0000000e   Code   RO         3943    i.osDelay           cmsis_os.o
    0x080023ce   0x080023ce   0x0000000a   Code   RO         3946    i.osKernelStart     cmsis_os.o
    0x080023d8   0x080023d8   0x00000008   Code   RO         3955    i.osMessageCreate   cmsis_os.o
    0x080023e0   0x080023e0   0x00000098   Code   RO         3957    i.osMessageGet      cmsis_os.o
    0x08002478   0x08002478   0x0000005c   Code   RO         3959    i.osMessagePut      cmsis_os.o
    0x080024d4   0x080024d4   0x00000026   Code   RO         3972    i.osSemaphoreCreate  cmsis_os.o
    0x080024fa   0x080024fa   0x00000014   Code   RO         3979    i.osSystickHandler  cmsis_os.o
    0x0800250e   0x0800250e   0x0000002e   Code   RO         3980    i.osThreadCreate    cmsis_os.o
    0x0800253c   0x0800253c   0x00000070   Code   RO         3652    i.prvAddCurrentTaskToDelayedList  tasks.o
    0x080025ac   0x080025ac   0x000000d0   Code   RO         3653    i.prvAddNewTaskToReadyList  tasks.o
    0x0800267c   0x0800267c   0x00000050   Code   RO         3654    i.prvCheckTasksWaitingTermination  tasks.o
    0x080026cc   0x080026cc   0x00000026   Code   RO         3515    i.prvCopyDataFromQueue  queue.o
    0x080026f2   0x080026f2   0x0000006c   Code   RO         3516    i.prvCopyDataToQueue  queue.o
    0x0800275e   0x0800275e   0x00000014   Code   RO         3655    i.prvDeleteTCB      tasks.o
    0x08002772   0x08002772   0x00000002   PAD
    0x08002774   0x08002774   0x0000004c   Code   RO         3232    i.prvHeapInit       heap_4.o
    0x080027c0   0x080027c0   0x00000028   Code   RO         3656    i.prvIdleTask       tasks.o
    0x080027e8   0x080027e8   0x0000008e   Code   RO         3657    i.prvInitialiseNewTask  tasks.o
    0x08002876   0x08002876   0x00000002   PAD
    0x08002878   0x08002878   0x0000004c   Code   RO         3233    i.prvInsertBlockIntoFreeList  heap_4.o
    0x080028c4   0x080028c4   0x0000001c   Code   RO         3517    i.prvIsQueueEmpty   queue.o
    0x080028e0   0x080028e0   0x00000020   Code   RO         3658    i.prvResetNextTaskUnblockTime  tasks.o
    0x08002900   0x08002900   0x00000028   Code   RO         3310    i.prvTaskExitError  port.o
    0x08002928   0x08002928   0x0000006a   Code   RO         3518    i.prvUnlockQueue    queue.o
    0x08002992   0x08002992   0x00000002   PAD
    0x08002994   0x08002994   0x000000d8   Code   RO         3234    i.pvPortMalloc      heap_4.o
    0x08002a6c   0x08002a6c   0x00000018   Code   RO         3660    i.pvTaskIncrementMutexHeldCount  tasks.o
    0x08002a84   0x08002a84   0x0000002c   Code   RO         3311    i.pxPortInitialiseStack  port.o
    0x08002ab0   0x08002ab0   0x00000024   Code   RO         3478    i.uxListRemove      list.o
    0x08002ad4   0x08002ad4   0x00000016   Code   RO         3479    i.vListInitialise   list.o
    0x08002aea   0x08002aea   0x00000006   Code   RO         3480    i.vListInitialiseItem  list.o
    0x08002af0   0x08002af0   0x00000030   Code   RO         3481    i.vListInsert       list.o
    0x08002b20   0x08002b20   0x00000018   Code   RO         3482    i.vListInsertEnd    list.o
    0x08002b38   0x08002b38   0x00000040   Code   RO         3313    i.vPortEnterCritical  port.o
    0x08002b78   0x08002b78   0x00000028   Code   RO         3314    i.vPortExitCritical  port.o
    0x08002ba0   0x08002ba0   0x0000005c   Code   RO         3235    i.vPortFree         heap_4.o
    0x08002bfc   0x08002bfc   0x00000020   Code   RO         3315    i.vPortSetupTimerInterrupt  port.o
    0x08002c1c   0x08002c1c   0x00000054   Code   RO         3316    i.vPortValidateInterruptPriority  port.o
    0x08002c70   0x08002c70   0x0000004c   Code   RO         3666    i.vTaskDelay        tasks.o
    0x08002cbc   0x08002cbc   0x0000000c   Code   RO         3669    i.vTaskMissedYield  tasks.o
    0x08002cc8   0x08002cc8   0x00000030   Code   RO         3671    i.vTaskPlaceOnEventList  tasks.o
    0x08002cf8   0x08002cf8   0x00000084   Code   RO         3673    i.vTaskPriorityInherit  tasks.o
    0x08002d7c   0x08002d7c   0x00000024   Code   RO         3676    i.vTaskSetTimeOutState  tasks.o
    0x08002da0   0x08002da0   0x00000068   Code   RO         3677    i.vTaskStartScheduler  tasks.o
    0x08002e08   0x08002e08   0x00000010   Code   RO         3679    i.vTaskSuspendAll   tasks.o
    0x08002e18   0x08002e18   0x0000005c   Code   RO         3680    i.vTaskSwitchContext  tasks.o
    0x08002e74   0x08002e74   0x000000e0   Code   RO         3317    i.xPortStartScheduler  port.o
    0x08002f54   0x08002f54   0x0000002c   Code   RO         3318    i.xPortSysTickHandler  port.o
    0x08002f80   0x08002f80   0x00000048   Code   RO         3526    i.xQueueGenericCreate  queue.o
    0x08002fc8   0x08002fc8   0x0000016c   Code   RO         3527    i.xQueueGenericReceive  queue.o
    0x08003134   0x08003134   0x00000088   Code   RO         3528    i.xQueueGenericReset  queue.o
    0x080031bc   0x080031bc   0x00000160   Code   RO         3529    i.xQueueGenericSend  queue.o
    0x0800331c   0x0800331c   0x000000bc   Code   RO         3530    i.xQueueGenericSendFromISR  queue.o
    0x080033d8   0x080033d8   0x0000009a   Code   RO         3535    i.xQueueReceiveFromISR  queue.o
    0x08003472   0x08003472   0x00000002   PAD
    0x08003474   0x08003474   0x0000006c   Code   RO         3681    i.xTaskCheckForTimeOut  tasks.o
    0x080034e0   0x080034e0   0x00000056   Code   RO         3682    i.xTaskCreate       tasks.o
    0x08003536   0x08003536   0x00000002   PAD
    0x08003538   0x08003538   0x0000001c   Code   RO         3686    i.xTaskGetSchedulerState  tasks.o
    0x08003554   0x08003554   0x000000c8   Code   RO         3689    i.xTaskIncrementTick  tasks.o
    0x0800361c   0x0800361c   0x00000098   Code   RO         3692    i.xTaskPriorityDisinherit  tasks.o
    0x080036b4   0x080036b4   0x00000074   Code   RO         3693    i.xTaskRemoveFromEventList  tasks.o
    0x08003728   0x08003728   0x000000c4   Code   RO         3695    i.xTaskResumeAll    tasks.o
    0x080037ec   0x080037ec   0x00000044   Data   RO          190    .constdata          main.o
    0x08003830   0x08003830   0x00000010   Data   RO         3199    .constdata          system_stm32f4xx.o
    0x08003840   0x08003840   0x00000008   Data   RO         3200    .constdata          system_stm32f4xx.o
    0x08003848   0x08003848   0x00000022   Data   RO          191    .conststring        main.o
    0x0800386a   0x0800386a   0x00000002   PAD
    0x0800386c   0x0800386c   0x00000020   Data   RO         4334    Region$$Table       anon$$obj.o


    Execution Region RW_IRAM1 (Exec base: 0x20000000, Load base: 0x0800388c, Size: 0x00004380, Max: 0x00020000, ABSOLUTE, COMPRESSED[0x00000098])

    Exec Addr    Load Addr    Size         Type   Attr      Idx    E Section Name        Object

    0x20000000   COMPRESSED   0x00000002   Data   RW           15    .data               locator.o
    0x20000002   COMPRESSED   0x00000002   PAD
    0x20000004   COMPRESSED   0x00000018   Data   RW          192    .data               main.o
    0x2000001c   COMPRESSED   0x0000010a   Data   RW          495    .data               at_init.o
    0x20000126   COMPRESSED   0x00000002   PAD
    0x20000128   COMPRESSED   0x0000000c   Data   RW         3051    .data               stm32f4xx_hal.o
    0x20000134   COMPRESSED   0x00000004   Data   RW         3201    .data               system_stm32f4xx.o
    0x20000138   COMPRESSED   0x00000018   Data   RW         3240    .data               heap_4.o
    0x20000150   COMPRESSED   0x0000000c   Data   RW         3319    .data               port.o
    0x2000015c   COMPRESSED   0x0000003c   Data   RW         3698    .data               tasks.o
    0x20000198        -       0x000000bc   Zero   RW          189    .bss                main.o
    0x20000254        -       0x0000003c   Zero   RW          454    .bss                stm32f4xx_hal_timebase_tim.o
    0x20000290        -       0x00003c00   Zero   RW         3239    .bss                heap_4.o
    0x20003e90        -       0x000000f0   Zero   RW         3697    .bss                tasks.o
    0x20003f80        -       0x00000400   Zero   RW            1    STACK               startup_stm32f407xx.o


==============================================================================

Image component sizes


      Code (inc. data)   RO Data    RW Data    ZI Data      Debug   Object Name

       216         26          0        266          0       2267   at_init.o
       404         12          0          0          0      18744   cmsis_os.o
         0          0          0          0          0       8068   event_groups.o
       460         24          0         24      15360       8847   heap_4.o
       136          0          0          0          0       3578   list.o
        72         12          0          2          0     681893   locator.o
       664         68        102         24        188      27433   main.o
       758         84          0         12          0      11965   port.o
      1546         14          0          0          0      13868   queue.o
        36          8        392          0       1024        840   startup_stm32f407xx.o
       116         18          0         12          0       3922   stm32f4xx_hal.o
       218         14          0          0          0      31077   stm32f4xx_hal_cortex.o
        36          0          0          0          0       1227   stm32f4xx_hal_dma.o
       450         44          0          0          0       3061   stm32f4xx_hal_gpio.o
      1960         38          0          0          0      17446   stm32f4xx_hal_i2c.o
       300         32          0          0          0       2279   stm32f4xx_hal_msp.o
      1336         92          0          0          0       6337   stm32f4xx_hal_rcc.o
       638         44          0          0          0       7106   stm32f4xx_hal_tim.o
         4          0          0          0          0       1630   stm32f4xx_hal_tim_ex.o
       116         16          0          0         60       1464   stm32f4xx_hal_timebase_tim.o
      1882         14          0          0          0      10974   stm32f4xx_hal_uart.o
        40         12          0          0          0       4170   stm32f4xx_it.o
        84         18         24          4          0       1179   system_stm32f4xx.o
      2060        170          0         60        240      22525   tasks.o

    ----------------------------------------------------------------------
     13554        760        552        408      16872     891900   Object Totals
         0          0         32          0          0          0   (incl. Generated)
        22          0          2          4          0          0   (incl. Padding)

    ----------------------------------------------------------------------

      Code (inc. data)   RO Data    RW Data    ZI Data      Debug   Library Member Name

        86          0          0          0          0          0   __dczerorl2.o
         0          0          0          0          0          0   entry.o
         0          0          0          0          0          0   entry10a.o
         0          0          0          0          0          0   entry11a.o
         8          4          0          0          0          0   entry2.o
         4          0          0          0          0          0   entry5.o
         0          0          0          0          0          0   entry7b.o
         0          0          0          0          0          0   entry8b.o
         8          4          0          0          0          0   entry9a.o
        30          0          0          0          0          0   handlers.o
        36          8          0          0          0         68   init.o
        30          0          0          0          0         68   llshl.o
        32          0          0          0          0         68   llushr.o
        36          0          0          0          0         68   memcpya.o
        98          0          0          0          0         92   uldiv.o

    ----------------------------------------------------------------------
       370         16          0          0          0        364   Library Totals
         2          0          0          0          0          0   (incl. Padding)

    ----------------------------------------------------------------------

      Code (inc. data)   RO Data    RW Data    ZI Data      Debug   Library Name

       368         16          0          0          0        364   mc_w.l

    ----------------------------------------------------------------------
       370         16          0          0          0        364   Library Totals

    ----------------------------------------------------------------------

==============================================================================


      Code (inc. data)   RO Data    RW Data    ZI Data      Debug   

     13924        776        552        408      16872     878744   Grand Totals
     13924        776        552        152      16872     878744   ELF Image Totals (compressed)
     13924        776        552        152          0          0   ROM Totals

==============================================================================

    Total RO  Size (Code + RO Data)                14476 (  14.14kB)
    Total RW  Size (RW Data + ZI Data)             17280 (  16.88kB)
    Total ROM Size (Code + RO Data + RW Data)      14628 (  14.29kB)

==============================================================================

